Component: ARM Compiler 5.06 update 6 (build 750) Tool: armlink [4d35ed]

==============================================================================

Section Cross References

    startup.o(STACK) refers (Special) to heapauxi.o(.text) for __use_two_region_memory
    startup.o(HEAP) refers (Special) to heapauxi.o(.text) for __use_two_region_memory
    startup.o(RESET) refers (Special) to heapauxi.o(.text) for __use_two_region_memory
    startup.o(RESET) refers to startup.o(STACK) for StackMem
    startup.o(RESET) refers to uartv.o(i.UART0_Handler) for UART0_Handler
    startup.o(RESET) refers to uarttestmain.o(i.UART1_Handler) for UART1_Handler
    startup.o(RESET) refers to esp8266v.o(i.UART5_Handler) for UART5_Handler
    startup.o(RESET) refers to __main.o(!!!main) for __main
    startup.o(.text) refers (Special) to heapauxi.o(.text) for __use_two_region_memory
    startup.o(.text) refers to startup.o(HEAP) for HeapMem
    startup.o(.text) refers to startup.o(STACK) for StackMem
    uarttestmain.o(i.Delay1s) refers to uartv.o(i.UART_OutString) for UART_OutString
    uarttestmain.o(i.OutCRLF) refers to uartv.o(i.UART_OutChar) for UART_OutChar
    uarttestmain.o(i.UART1_Handler) refers to uartv.o(i.UART_OutChar) for UART_OutChar
    uarttestmain.o(i.main) refers to pll.o(i.PLL_Init) for PLL_Init
    uarttestmain.o(i.main) refers to uartv.o(i.Output_Init) for Output_Init
    uarttestmain.o(i.main) refers to esp8266v.o(i.ESP8266_BasicInit) for ESP8266_BasicInit
    uarttestmain.o(i.main) refers to esp8266v.o(i.Arduino_InitUART) for Arduino_InitUART
    uarttestmain.o(i.main) refers to uarttestmain.o(i.resetConnect) for resetConnect
    uarttestmain.o(i.main1) refers to pll.o(i.PLL_Init) for PLL_Init
    uarttestmain.o(i.main1) refers to uarttestmain.o(i.OutCRLF) for OutCRLF
    uarttestmain.o(i.main1) refers to uartv.o(i.UART_OutString) for UART_OutString
    uarttestmain.o(i.main1) refers to uartv.o(i.UART_InString) for UART_InString
    uarttestmain.o(i.main1) refers to uartv.o(i.UART_InUDec) for UART_InUDec
    uarttestmain.o(i.main1) refers to uartv.o(i.UART_OutUDec) for UART_OutUDec
    uarttestmain.o(i.main1) refers to uartv.o(i.UART_InUHex) for UART_InUHex
    uarttestmain.o(i.main1) refers to uartv.o(i.UART_OutUHex) for UART_OutUHex
    uarttestmain.o(i.resetConnect) refers to esp8266v.o(i.ESP8266_Reset) for ESP8266_Reset
    uarttestmain.o(i.resetConnect) refers to uartv.o(i.UART_OutString) for UART_OutString
    uarttestmain.o(i.resetConnect) refers to esp8266v.o(i.ESP8266_SetWifiMode) for ESP8266_SetWifiMode
    uarttestmain.o(i.resetConnect) refers to esp8266v.o(i.ESP8266_JoinAccessPoint) for ESP8266_JoinAccessPoint
    uarttestmain.o(i.resetConnect) refers to esp8266v.o(i.DelayMs) for DelayMs
    uarttestmain.o(i.resetConnect) refers to esp8266v.o(i.ESP8266SendCommand) for ESP8266SendCommand
    uarttestmain.o(i.resetConnect) refers to esp8266v.o(i.ESP8266_SetConnectionMux) for ESP8266_SetConnectionMux
    uarttestmain.o(i.resetConnect) refers to esp8266v.o(i.ESP8266_SetDataTransmissionMode) for ESP8266_SetDataTransmissionMode
    uarttestmain.o(i.resetConnect) refers to esp8266v.o(i.ESP8266_GetStatus) for ESP8266_GetStatus
    uarttestmain.o(i.resetConnect) refers to esp8266v.o(i.ESP8266_MakeTCPConnection) for ESP8266_MakeTCPConnection
    uarttestmain.o(i.resetConnect) refers to esp8266v.o(i.ESP8266_SendTCP) for ESP8266_SendTCP
    uarttestmain.o(i.resetConnect) refers to uarttestmain.o(.conststring) for .conststring
    esp8266v.o(i.Arduino_InitUART) refers to esp8266v.o(.data) for ESP8266_EchoResponse
    esp8266v.o(i.DelayMsSearching) refers to esp8266v.o(.data) for SearchFound
    esp8266v.o(i.ESP8266FIFOtoBuffer) refers to uartv.o(i.UART_OutCharNonBlock) for UART_OutCharNonBlock
    esp8266v.o(i.ESP8266FIFOtoBuffer) refers to esp8266v.o(i.SearchCheck) for SearchCheck
    esp8266v.o(i.ESP8266FIFOtoBuffer) refers to esp8266v.o(i.ServerResponseSearchCheck) for ServerResponseSearchCheck
    esp8266v.o(i.ESP8266FIFOtoBuffer) refers to esp8266v.o(i.bufferRotate) for bufferRotate
    esp8266v.o(i.ESP8266FIFOtoBuffer) refers to esp8266v.o(i.printTempo) for printTempo
    esp8266v.o(i.ESP8266FIFOtoBuffer) refers to esp8266v.o(.data) for ESP8266_EchoResponse
    esp8266v.o(i.ESP8266FIFOtoBuffer) refers to esp8266v.o(.bss) for RXBuffer
    esp8266v.o(i.ESP8266ProcessInput) refers to _printf_percent.o(.ARM.Collect$$_printf_percent$$00000000) for _printf_percent
    esp8266v.o(i.ESP8266ProcessInput) refers to _printf_s.o(.ARM.Collect$$_printf_percent$$00000014) for _printf_s
    esp8266v.o(i.ESP8266ProcessInput) refers to _printf_str.o(.text) for _printf_str
    esp8266v.o(i.ESP8266ProcessInput) refers to strstr.o(.text) for strstr
    esp8266v.o(i.ESP8266ProcessInput) refers to noretval__2printf.o(.text) for __2printf
    esp8266v.o(i.ESP8266ProcessInput) refers to esp8266v.o(.data) for ESP8266_PageRequested
[...]
    fopen.o(.text) refers to fseek.o(.text) for _fseek
    fopen.o(.text) refers to h1_alloc.o(.text) for malloc
    fopen.o(.text) refers to rt_memclr_w.o(.text) for __aeabi_memclr4
    fopen.o(.text) refers to stdio_streams.o(.bss) for __stdin
    fclose.o(.text) refers to stdio.o(.text) for _fflush
    fclose.o(.text) refers to sys_io.o(.text) for _sys_close
    fclose.o(.text) refers to h1_free.o(.text) for free
    fclose.o(.text) refers to rt_memclr_w.o(.text) for __aeabi_memclr4
    fopen_locked.o(.text) refers to fclose.o(.text) for _fclose_internal
    fopen_locked.o(.text) refers to sys_io.o(.text) for _sys_open
    fopen_locked.o(.text) refers to fseek.o(.text) for _fseek
    fopen_locked.o(.text) refers to h1_alloc.o(.text) for malloc
    fopen_locked.o(.text) refers to rt_memclr_w.o(.text) for __aeabi_memclr4
    fopen_locked.o(.text) refers to streamlock.o(.data) for _stream_list_lock
    fopen_locked.o(.text) refers to stdio_streams.o(.bss) for __stdin
    exit.o(.text) refers to rtexit.o(.ARM.Collect$$rtexit$$00000000) for __rt_exit
    defsig_rtred_outer.o(.text) refers to defsig_rtred_inner.o(.text) for __rt_SIGRTRED_inner
    defsig_rtred_outer.o(.text) refers to defsig_exit.o(.text) for __sig_exit
    defsig_rtred_formal.o(.text) refers to rt_raise.o(.text) for __rt_raise
    libinit.o(.ARM.Collect$$libinit$$00000000) refers (Special) to libinit2.o(.ARM.Collect$$libinit$$0000002E) for __rt_lib_init_alloca_1
    libinit.o(.ARM.Collect$$libinit$$00000000) refers (Special) to libinit2.o(.ARM.Collect$$libinit$$0000002C) for __rt_lib_init_argv_1
    libinit.o(.ARM.Collect$$libinit$$00000000) refers (Special) to libinit2.o(.ARM.Collect$$libinit$$0000001B) for __rt_lib_init_atexit_1
    libinit.o(.ARM.Collect$$libinit$$00000000) refers (Special) to libinit2.o(.ARM.Collect$$libinit$$00000021) for __rt_lib_init_clock_1
    libinit.o(.ARM.Collect$$libinit$$00000000) refers (Special) to libinit2.o(.ARM.Collect$$libinit$$00000032) for __rt_lib_init_cpp_1
    libinit.o(.ARM.Collect$$libinit$$00000000) refers (Special) to libinit2.o(.ARM.Collect$$libinit$$00000030) for __rt_lib_init_exceptions_1
    libinit.o(.ARM.Collect$$libinit$$00000000) refers (Special) to libinit2.o(.ARM.Collect$$libinit$$00000002) for __rt_lib_init_fp_1
    libinit.o(.ARM.Collect$$libinit$$00000000) refers (Special) to libinit2.o(.ARM.Collect$$libinit$$0000001F) for __rt_lib_init_fp_trap_1
    libinit.o(.ARM.Collect$$libinit$$00000000) refers (Special) to libinit2.o(.ARM.Collect$$libinit$$00000023) for __rt_lib_init_getenv_1
    libinit.o(.ARM.Collect$$libinit$$00000000) refers (Special) to libinit2.o(.ARM.Collect$$libinit$$0000000A) for __rt_lib_init_heap_1
    libinit.o(.ARM.Collect$$libinit$$00000000) refers (Special) to libinit2.o(.ARM.Collect$$libinit$$00000011) for __rt_lib_init_lc_collate_1
    libinit.o(.ARM.Collect$$libinit$$00000000) refers (Special) to libinit2.o(.ARM.Collect$$libinit$$00000013) for __rt_lib_init_lc_ctype_1
    libinit.o(.ARM.Collect$$libinit$$00000000) refers (Special) to libinit2.o(.ARM.Collect$$libinit$$00000015) for __rt_lib_init_lc_monetary_1
    libinit.o(.ARM.Collect$$libinit$$00000000) refers (Special) to libinit2.o(.ARM.Collect$$libinit$$00000017) for __rt_lib_init_lc_numeric_1
    libinit.o(.ARM.Collect$$libinit$$00000000) refers (Special) to libinit2.o(.ARM.Collect$$libinit$$00000019) for __rt_lib_init_lc_time_1
    libinit.o(.ARM.Collect$$libinit$$00000000) refers (Special) to libinit2.o(.ARM.Collect$$libinit$$00000004) for __rt_lib_init_preinit_1
    libinit.o(.ARM.Collect$$libinit$$00000000) refers (Special) to libinit2.o(.ARM.Collect$$libinit$$0000000E) for __rt_lib_init_rand_1
    libinit.o(.ARM.Collect$$libinit$$00000000) refers (Special) to libinit2.o(.ARM.Collect$$libinit$$00000033) for __rt_lib_init_return
    libinit.o(.ARM.Collect$$libinit$$00000000) refers (Special) to libinit2.o(.ARM.Collect$$libinit$$0000001D) for __rt_lib_init_signal_1
    libinit.o(.ARM.Collect$$libinit$$00000000) refers (Special) to libinit2.o(.ARM.Collect$$libinit$$00000025) for __rt_lib_init_stdio_1
    libinit.o(.ARM.Collect$$libinit$$00000000) refers (Special) to libinit2.o(.ARM.Collect$$libinit$$0000000C) for __rt_lib_init_user_alloc_1
    libinit2.o(.ARM.Collect$$libinit$$00000005) refers (Weak) to init_alloc.o(.text) for _init_alloc
    libinit2.o(.ARM.Collect$$libinit$$00000010) refers to libinit2.o(.ARM.Collect$$libinit$$0000000F) for .ARM.Collect$$libinit$$0000000F
    libinit2.o(.ARM.Collect$$libinit$$00000012) refers to libinit2.o(.ARM.Collect$$libinit$$0000000F) for .ARM.Collect$$libinit$$0000000F
    libinit2.o(.ARM.Collect$$libinit$$00000014) refers to libinit2.o(.ARM.Collect$$libinit$$0000000F) for .ARM.Collect$$libinit$$0000000F
    libinit2.o(.ARM.Collect$$libinit$$00000016) refers to libinit2.o(.ARM.Collect$$libinit$$0000000F) for .ARM.Collect$$libinit$$0000000F
    libinit2.o(.ARM.Collect$$libinit$$00000018) refers to libinit2.o(.ARM.Collect$$libinit$$0000000F) for .ARM.Collect$$libinit$$0000000F
    libinit2.o(.ARM.Collect$$libinit$$00000024) refers (Weak) to initio.o(.text) for _initio
    libinit2.o(.ARM.Collect$$libinit$$00000026) refers to argv_veneer.o(.emb_text) for __ARM_argv_veneer
    libinit2.o(.ARM.Collect$$libinit$$00000027) refers to argv_veneer.o(.emb_text) for __ARM_argv_veneer
    libshutdown2.o(.ARM.Collect$$libshutdown$$00000003) refers (Weak) to initio.o(.text) for _terminateio
    libshutdown2.o(.ARM.Collect$$libshutdown$$0000000D) refers (Weak) to term_alloc.o(.text) for _terminate_alloc
    libspace.o(.text) refers to libspace.o(.bss) for __libspace_start
    rtexit.o(.ARM.Collect$$rtexit$$00000000) refers (Special) to rtexit2.o(.ARM.Collect$$rtexit$$00000004) for __rt_exit_exit
    rtexit.o(.ARM.Collect$$rtexit$$00000000) refers (Special) to rtexit2.o(.ARM.Collect$$rtexit$$00000003) for __rt_exit_ls
    rtexit.o(.ARM.Collect$$rtexit$$00000000) refers (Special) to rtexit2.o(.ARM.Collect$$rtexit$$00000002) for __rt_exit_prels_1
    rtexit.o(.ARM.exidx) refers (Special) to rtexit2.o(.ARM.Collect$$rtexit$$00000004) for __rt_exit_exit
    rtexit.o(.ARM.exidx) refers (Special) to rtexit2.o(.ARM.Collect$$rtexit$$00000003) for __rt_exit_ls
    rtexit.o(.ARM.exidx) refers (Special) to rtexit2.o(.ARM.Collect$$rtexit$$00000002) for __rt_exit_prels_1
    rtexit.o(.ARM.exidx) refers to rtexit.o(.ARM.Collect$$rtexit$$00000000) for .ARM.Collect$$rtexit$$00000000
    rt_raise.o(.text) refers to __raise.o(.text) for __raise
    rt_raise.o(.text) refers to sys_exit.o(.text) for _sys_exit
    rt_heap_descriptor.o(.text) refers to rt_heap_descriptor.o(.bss) for __rt_heap_descriptor_data
    rt_heap_descriptor_intlibspace.o(.text) refers to libspace.o(.bss) for __libspace_start
    init_alloc.o(.text) refers (Special) to hguard.o(.text) for __heap$guard
    init_alloc.o(.text) refers (Special) to libinit2.o(.ARM.Collect$$libinit$$00000005) for __rt_lib_init_heap_2
    init_alloc.o(.text) refers (Special) to maybetermalloc1.o(.emb_text) for _maybe_terminate_alloc
    init_alloc.o(.text) refers to h1_extend.o(.text) for __Heap_ProvideMemory
    init_alloc.o(.text) refers to defsig_rtmem_outer.o(.text) for __rt_SIGRTMEM
    init_alloc.o(.text) refers to rt_heap_descriptor_intlibspace.o(.text) for __rt_heap_descriptor
    init_alloc.o(.text) refers to h1_init.o(.text) for __Heap_Initialize
    malloc.o(.text) refers (Special) to hguard.o(.text) for __heap$guard
    malloc.o(.text) refers (Special) to init_alloc.o(.text) for _init_alloc
    malloc.o(.text) refers to rt_heap_descriptor_intlibspace.o(.text) for __rt_heap_descriptor
    malloc.o(.text) refers to heapstubs.o(.text) for __Heap_Alloc
    h1_alloc.o(.text) refers (Special) to h1_init.o(.text) for __Heap_Initialize
    h1_alloc.o(.text) refers to rt_heap_descriptor_intlibspace.o(.text) for __rt_heap_descriptor
    h1_alloc.o(.text) refers to init_alloc.o(.text) for __Heap_Full
    h1_alloc_mt.o(.text) refers (Special) to h1_init.o(.text) for __Heap_Initialize
    h1_alloc_mt.o(.text) refers to init_alloc.o(.text) for __Heap_Full
    h1_alloc_mt.o(.text) refers to rt_heap_descriptor_intlibspace.o(.text) for __rt_heap_descriptor
    fseek.o(.text) refers to sys_io.o(.text) for _sys_istty
    fseek.o(.text) refers to ftell.o(.text) for _ftell_internal
    fseek.o(.text) refers to stdio.o(.text) for _seterr
    stdio.o(.text) refers to sys_io.o(.text) for _sys_seek
    defsig_exit.o(.text) refers to sys_exit.o(.text) for _sys_exit
    defsig_rtred_inner.o(.text) refers to defsig_general.o(.text) for __default_signal_display
    argv_veneer.o(.emb_text) refers to no_argv.o(.text) for __ARM_get_argv
    sys_exit.o(.text) refers (Special) to use_no_semi.o(.text) for __I$use$semihosting
    sys_exit.o(.text) refers (Special) to indicate_semi.o(.text) for __semihosting_library_function
    rtexit2.o(.ARM.Collect$$rtexit$$00000003) refers to libshutdown.o(.ARM.Collect$$libshutdown$$00000000) for __rt_lib_shutdown
    rtexit2.o(.ARM.Collect$$rtexit$$00000004) refers to sys_exit.o(.text) for _sys_exit
    rtexit2.o(.ARM.exidx) refers to rtexit2.o(.ARM.Collect$$rtexit$$00000001) for .ARM.Collect$$rtexit$$00000001
    rtexit2.o(.ARM.exidx) refers to rtexit2.o(.ARM.Collect$$rtexit$$00000003) for .ARM.Collect$$rtexit$$00000003
    rtexit2.o(.ARM.exidx) refers to rtexit2.o(.ARM.Collect$$rtexit$$00000004) for .ARM.Collect$$rtexit$$00000004
    maybetermalloc2.o(.emb_text) refers (Special) to term_alloc.o(.text) for _terminate_alloc
    h1_extend.o(.text) refers to h1_free.o(.text) for free
    h1_init_mt.o(.text) refers to mutex_dummy.o(.text) for _mutex_initialize
    h1_extend_mt.o(.text) refers to h1_free_mt.o(.text) for _free_internal
    ftell.o(.text) refers to rt_errno_addr_intlibspace.o(.text) for __aeabi_errno_addr
    __raise.o(.text) refers to defsig.o(CL$$defsig) for __default_signal_handler
    defsig_general.o(.text) refers to sys_wrch.o(.text) for _ttywrch
    defsig_rtmem_outer.o(.text) refers to defsig_rtmem_inner.o(.text) for __rt_SIGRTMEM_inner
    defsig_rtmem_outer.o(.text) refers to defsig_exit.o(.text) for __sig_exit
    defsig_rtmem_formal.o(.text) refers to rt_raise.o(.text) for __rt_raise
    heapauxa.o(.text) refers to heapauxa.o(.data) for .data
    _get_argv.o(.text) refers (Special) to hrguard.o(.text) for __heap_region$guard
    _get_argv.o(.text) refers to h1_alloc.o(.text) for malloc
    _get_argv.o(.text) refers to defsig_rtmem_outer.o(.text) for __rt_SIGRTMEM
    _get_argv.o(.text) refers to sys_command.o(.text) for _sys_command_string
    _get_argv_nomalloc.o(.text) refers (Special) to hrguard.o(.text) for __heap_region$guard
    _get_argv_nomalloc.o(.text) refers to defsig_rtmem_outer.o(.text) for __rt_SIGRTMEM
    _get_argv_nomalloc.o(.text) refers to sys_command.o(.text) for _sys_command_string
    sys_wrch.o(.text) refers (Special) to use_no_semi.o(.text) for __I$use$semihosting
    sys_wrch.o(.text) refers (Special) to indicate_semi.o(.text) for __semihosting_library_function
    sys_command.o(.text) refers (Special) to use_no_semi.o(.text) for __I$use$semihosting
    sys_command.o(.text) refers (Special) to indicate_semi.o(.text) for __semihosting_library_function
    rt_errno_addr.o(.text) refers to rt_errno_addr.o(.bss) for __aeabi_errno_addr_data
    rt_errno_addr_intlibspace.o(.text) refers to libspace.o(.bss) for __libspace_start
    term_alloc.o(.text) refers (Special) to libshutdown2.o(.ARM.Collect$$libshutdown$$0000000E) for __rt_lib_shutdown_heap_2
    term_alloc.o(.text) refers to rt_heap_descriptor_intlibspace.o(.text) for __rt_heap_descriptor
    term_alloc.o(.text) refers to h1_final.o(.text) for __Heap_Finalize
    defsig_rtmem_inner.o(.text) refers to defsig_general.o(.text) for __default_signal_display
    defsig.o(CL$$defsig) refers to defsig_rtred_inner.o(.text) for __rt_SIGRTRED_inner
    defsig.o(CL$$defsig) refers to defsig_rtmem_inner.o(.text) for __rt_SIGRTMEM_inner
    libshutdown.o(.ARM.Collect$$libshutdown$$00000000) refers (Special) to libshutdown2.o(.ARM.Collect$$libshutdown$$00000002) for __rt_lib_shutdown_cpp_1
    libshutdown.o(.ARM.Collect$$libshutdown$$00000000) refers (Special) to libshutdown2.o(.ARM.Collect$$libshutdown$$00000007) for __rt_lib_shutdown_fp_trap_1
    libshutdown.o(.ARM.Collect$$libshutdown$$00000000) refers (Special) to libshutdown2.o(.ARM.Collect$$libshutdown$$0000000F) for __rt_lib_shutdown_heap_1
    libshutdown.o(.ARM.Collect$$libshutdown$$00000000) refers (Special) to libshutdown2.o(.ARM.Collect$$libshutdown$$00000010) for __rt_lib_shutdown_return
    libshutdown.o(.ARM.Collect$$libshutdown$$00000000) refers (Special) to libshutdown2.o(.ARM.Collect$$libshutdown$$0000000A) for __rt_lib_shutdown_signal_1
    libshutdown.o(.ARM.Collect$$libshutdown$$00000000) refers (Special) to libshutdown2.o(.ARM.Collect$$libshutdown$$00000004) for __rt_lib_shutdown_stdio_1
    libshutdown.o(.ARM.Collect$$libshutdown$$00000000) refers (Special) to libshutdown2.o(.ARM.Collect$$libshutdown$$0000000C) for __rt_lib_shutdown_user_alloc_1
    defsig_abrt_inner.o(.text) refers to defsig_general.o(.text) for __default_signal_display
    defsig_fpe_inner.o(.text) refers to defsig_general.o(.text) for __default_signal_display
    defsig_stak_inner.o(.text) refers to defsig_general.o(.text) for __default_signal_display
    defsig_pvfn_inner.o(.text) refers to defsig_general.o(.text) for __default_signal_display
    defsig_cppl_inner.o(.text) refers to defsig_general.o(.text) for __default_signal_display
    defsig_segv_inner.o(.text) refers to defsig_general.o(.text) for __default_signal_display
    defsig_other.o(.text) refers to defsig_general.o(.text) for __default_signal_display


==============================================================================

Removing Unused input sections from the image.

    Removing uarttestmain.o(i.Delay1s), (48 bytes).
    Removing uarttestmain.o(i.OutCRLF), (16 bytes).
    Removing uarttestmain.o(i.main1), (172 bytes).
    Removing esp8266v.o(i.ESP8266ProcessInput), (148 bytes).
    Removing esp8266v.o(i.ESP8266_CloseTCPConnection), (72 bytes).
    Removing esp8266v.o(i.ESP8266_ConfigureAccessPoint), (120 bytes).
    Removing esp8266v.o(i.ESP8266_DisableRXInterrupt), (16 bytes).
    Removing esp8266v.o(i.ESP8266_DisableServer), (96 bytes).
    Removing esp8266v.o(i.ESP8266_EnableServer), (56 bytes).
    Removing esp8266v.o(i.ESP8266_GetIPAddress), (68 bytes).
    Removing esp8266v.o(i.ESP8266_GetVersionNumber), (68 bytes).
    Removing esp8266v.o(i.ESP8266_Init), (516 bytes).
    Removing esp8266v.o(i.ESP8266_ListAccessPoints), (68 bytes).
    Removing esp8266v.o(i.ESP8266_QuitAccessPoint), (68 bytes).
    Removing esp8266v.o(i.ESP8266_SetServerTimeout), (52 bytes).
    Removing esp8266v.o(i.HTTP_ServePage), (140 bytes).
    Removing esp8266v.o(.constdata), (238 bytes).
    Removing esp8266v.o(.conststring), (78 bytes).
    Removing uartv.o(i.RxFifo_Get), (60 bytes).
    Removing uartv.o(i.UART1_InChar), (28 bytes).
    Removing uartv.o(i.UART1_Init), (224 bytes).
    Removing uartv.o(i.UART1_OutString), (24 bytes).
    Removing uartv.o(i.UART_InChar), (20 bytes).
    Removing uartv.o(i.UART_InCharNonBlock), (20 bytes).
    Removing uartv.o(i.UART_InString), (70 bytes).
    Removing uartv.o(i.UART_InUDec), (76 bytes).
    Removing uartv.o(i.UART_InUHex), (108 bytes).
    Removing uartv.o(i.UART_OutUDec), (42 bytes).
    Removing uartv.o(i.UART_OutUHex), (52 bytes).
    Removing uartv.o(i.fputc), (16 bytes).

30 unused section(s) (total 2780 bytes) removed from the image.

==============================================================================

Image Symbol Table

    Local Symbols

    Symbol Name                              Value     Ov Type        Size  Object(Section)

    RESET                                    0x00000000   Section      644  startup.o(RESET)
    ../clib/angel/boardlib.s                 0x00000000   Number         0  boardinit1.o ABSOLUTE
    ../clib/angel/boardlib.s                 0x00000000   Number         0  boardshut.o ABSOLUTE
    ../clib/angel/boardlib.s                 0x00000000   Number         0  boardinit2.o ABSOLUTE
    ../clib/angel/boardlib.s                 0x00000000   Number         0  boardinit3.o ABSOLUTE
    ../clib/angel/handlers.s                 0x00000000   Number         0  __scatter_zi.o ABSOLUTE
    ../clib/angel/handlers.s                 0x00000000   Number         0  __scatter_copy.o ABSOLUTE
    ../clib/angel/kernel.s                   0x00000000   Number         0  rtexit2.o ABSOLUTE
    ../clib/angel/kernel.s                   0x00000000   Number         0  rtexit.o ABSOLUTE
    ../clib/angel/kernel.s                   0x00000000   Number         0  __rtentry4.o ABSOLUTE
    ../clib/angel/kernel.s                   0x00000000   Number         0  __rtentry.o ABSOLUTE
    ../clib/angel/kernel.s                   0x00000000   Number         0  __rtentry2.o ABSOLUTE
    ../clib/angel/rt.s                       0x00000000   Number         0  rt_errno_addr_intlibspace.o ABSOLUTE
    ../clib/angel/rt.s                       0x00000000   Number         0  rt_errno_addr.o ABSOLUTE
    ../clib/angel/rt.s                       0x00000000   Number         0  rt_heap_descriptor.o ABSOLUTE
    ../clib/angel/rt.s                       0x00000000   Number         0  rt_heap_descriptor_intlibspace.o ABSOLUTE
    ../clib/angel/rt.s                       0x00000000   Number         0  rt_raise.o ABSOLUTE
    ../clib/angel/scatter.s                  0x00000000   Number         0  __scatter.o ABSOLUTE
    ../clib/angel/startup.s                  0x00000000   Number         0  __main.o ABSOLUTE
    ../clib/angel/sys.s                      0x00000000   Number         0  use_no_semi.o ABSOLUTE
    ../clib/angel/sys.s                      0x00000000   Number         0  libspace.o ABSOLUTE
    ../clib/angel/sys.s                      0x00000000   Number         0  mutex_dummy.o ABSOLUTE
    ../clib/angel/sys.s                      0x00000000   Number         0  sys_stackheap_outer.o ABSOLUTE
    ../clib/angel/sys.s                      0x00000000   Number         0  indicate_semi.o ABSOLUTE
    ../clib/angel/sysapp.c                   0x00000000   Number         0  sys_exit.o ABSOLUTE
    ../clib/angel/sysapp.c                   0x00000000   Number         0  sys_command.o ABSOLUTE
    ../clib/angel/sysapp.c                   0x00000000   Number         0  sys_wrch.o ABSOLUTE
    ../clib/angel/sysapp.c                   0x00000000   Number         0  sys_io.o ABSOLUTE
    ../clib/armsys.c                         0x00000000   Number         0  argv_veneer.o ABSOLUTE
    ../clib/armsys.c                         0x00000000   Number         0  argv_veneer.o ABSOLUTE
    ../clib/armsys.c                         0x00000000   Number         0  _get_argv_nomalloc.o ABSOLUTE
    ../clib/armsys.c                         0x00000000   Number         0  no_argv.o ABSOLUTE
    ../clib/armsys.c                         0x00000000   Number         0  _get_argv.o ABSOLUTE
    ../clib/heap1.c                          0x00000000   Number         0  h1_init.o ABSOLUTE
    ../clib/heap1.c                          0x00000000   Number         0  h1_extend.o ABSOLUTE
    ../clib/heap1.c                          0x00000000   Number         0  h1_free_mt.o ABSOLUTE
    ../clib/heap1.c                          0x00000000   Number         0  h1_free.o ABSOLUTE
    ../clib/heap1.c                          0x00000000   Number         0  h1_final.o ABSOLUTE
    ../clib/heap1.c                          0x00000000   Number         0  h1_alloc_mt.o ABSOLUTE
    ../clib/heap1.c                          0x00000000   Number         0  h1_final_mt.o ABSOLUTE
    ../clib/heap1.c                          0x00000000   Number         0  h1_init_mt.o ABSOLUTE
    ../clib/heap1.c                          0x00000000   Number         0  h1_extend_mt.o ABSOLUTE
    ../clib/heap1.c                          0x00000000   Number         0  h1_alloc.o ABSOLUTE
    ../clib/heap2.c                          0x00000000   Number         0  heap2.o ABSOLUTE
    ../clib/heap2.c                          0x00000000   Number         0  fdtree.o ABSOLUTE
    ../clib/heap2.c                          0x00000000   Number         0  heap2mt.o ABSOLUTE
    ../clib/heapalloc.c                      0x00000000   Number         0  maybetermalloc2.o ABSOLUTE
    ../clib/heapalloc.c                      0x00000000   Number         0  maybetermalloc2.o ABSOLUTE
    ../clib/heapalloc.c                      0x00000000   Number         0  maybetermalloc1.o ABSOLUTE
    ../clib/heapalloc.c                      0x00000000   Number         0  heapstubs.o ABSOLUTE
    ../clib/heapalloc.c                      0x00000000   Number         0  malloc.o ABSOLUTE
    ../clib/heapalloc.c                      0x00000000   Number         0  init_alloc.o ABSOLUTE
    ../clib/heapalloc.c                      0x00000000   Number         0  hguard.o ABSOLUTE
    ../clib/heapalloc.c                      0x00000000   Number         0  maybetermalloc1.o ABSOLUTE
    ../clib/heapalloc.c                      0x00000000   Number         0  free.o ABSOLUTE
    ../clib/heapalloc.c                      0x00000000   Number         0  term_alloc.o ABSOLUTE
    ../clib/heapalloc.c                      0x00000000   Number         0  hrguard.o ABSOLUTE
    ../clib/heapaux.c                        0x00000000   Number         0  heapauxi.o ABSOLUTE
    ../clib/heapaux.c                        0x00000000   Number         0  heapauxa.o ABSOLUTE
    ../clib/libinit.s                        0x00000000   Number         0  libinit.o ABSOLUTE
    ../clib/libinit.s                        0x00000000   Number         0  libinit2.o ABSOLUTE
    ../clib/libinit.s                        0x00000000   Number         0  libshutdown.o ABSOLUTE
    ../clib/libinit.s                        0x00000000   Number         0  libshutdown2.o ABSOLUTE
    ../clib/memcpset.s                       0x00000000   Number         0  rt_memclr_w.o ABSOLUTE
    ../clib/memcpset.s                       0x00000000   Number         0  rt_memcpy_w.o ABSOLUTE
    ../clib/printf.c                         0x00000000   Number         0  __printf_ss.o ABSOLUTE
    ../clib/printf.c                         0x00000000   Number         0  __printf_flags.o ABSOLUTE
    ../clib/printf.c                         0x00000000   Number         0  _printf_str.o ABSOLUTE
    ../clib/printf.c                         0x00000000   Number         0  _printf_dec.o ABSOLUTE
    ../clib/printf.c                         0x00000000   Number         0  __printf_flags_ss.o ABSOLUTE
    ../clib/printf.c                         0x00000000   Number         0  __printf_ss_wp.o ABSOLUTE
    ../clib/printf.c                         0x00000000   Number         0  __2printf.o ABSOLUTE
    ../clib/printf.c                         0x00000000   Number         0  __2sprintf.o ABSOLUTE
    ../clib/printf.c                         0x00000000   Number         0  noretval__2printf.o ABSOLUTE
    ../clib/printf.c                         0x00000000   Number         0  noretval__2sprintf.o ABSOLUTE
    ../clib/printf.c                         0x00000000   Number         0  __printf_flags_ss_wp.o ABSOLUTE
    ../clib/printf.c                         0x00000000   Number         0  _printf_intcommon.o ABSOLUTE
    ../clib/printf.c                         0x00000000   Number         0  _printf_char_common.o ABSOLUTE
    ../clib/printf.c                         0x00000000   Number         0  _sputc.o ABSOLUTE
    ../clib/printf.c                         0x00000000   Number         0  _printf_char.o ABSOLUTE
    ../clib/printf.c                         0x00000000   Number         0  _printf_char_file.o ABSOLUTE
    ../clib/printf.c                         0x00000000   Number         0  __printf_flags_wp.o ABSOLUTE
    ../clib/printf.c                         0x00000000   Number         0  __printf.o ABSOLUTE
    ../clib/printf.c                         0x00000000   Number         0  __printf_nopercent.o ABSOLUTE
    ../clib/printf.c                         0x00000000   Number         0  __printf_wp.o ABSOLUTE
    ../clib/printf_percent.s                 0x00000000   Number         0  _printf_percent_end.o ABSOLUTE
    ../clib/printf_percent.s                 0x00000000   Number         0  _printf_d.o ABSOLUTE
    ../clib/printf_percent.s                 0x00000000   Number         0  _printf_percent.o ABSOLUTE
    ../clib/printf_percent.s                 0x00000000   Number         0  _printf_s.o ABSOLUTE
    ../clib/signal.c                         0x00000000   Number         0  defsig_rtred_formal.o ABSOLUTE
    ../clib/signal.c                         0x00000000   Number         0  defsig_rtmem_formal.o ABSOLUTE
    ../clib/signal.c                         0x00000000   Number         0  defsig_general.o ABSOLUTE
    ../clib/signal.c                         0x00000000   Number         0  __raise.o ABSOLUTE
    ../clib/signal.c                         0x00000000   Number         0  defsig_rtred_inner.o ABSOLUTE
    ../clib/signal.c                         0x00000000   Number         0  defsig_exit.o ABSOLUTE
    ../clib/signal.c                         0x00000000   Number         0  defsig_rtred_outer.o ABSOLUTE
    ../clib/signal.c                         0x00000000   Number         0  defsig_abrt_inner.o ABSOLUTE
    ../clib/signal.c                         0x00000000   Number         0  defsig_fpe_inner.o ABSOLUTE
    ../clib/signal.c                         0x00000000   Number         0  defsig_stak_inner.o ABSOLUTE
    ../clib/signal.c                         0x00000000   Number         0  defsig_cppl_inner.o ABSOLUTE
    ../clib/signal.c                         0x00000000   Number         0  defsig_segv_inner.o ABSOLUTE
    ../clib/signal.c                         0x00000000   Number         0  defsig_other.o ABSOLUTE
    ../clib/signal.c                         0x00000000   Number         0  defsig_rtmem_inner.o ABSOLUTE
    ../clib/signal.c                         0x00000000   Number         0  defsig_rtmem_outer.o ABSOLUTE
    ../clib/signal.c                         0x00000000   Number         0  defsig_pvfn_inner.o ABSOLUTE
    ../clib/signal.s                         0x00000000   Number         0  defsig.o ABSOLUTE
    ../clib/stdio.c                          0x00000000   Number         0  fseek.o ABSOLUTE
    ../clib/stdio.c                          0x00000000   Number         0  fclose.o ABSOLUTE
    ../clib/stdio.c                          0x00000000   Number         0  fopen.o ABSOLUTE
    ../clib/stdio.c                          0x00000000   Number         0  setvbuf.o ABSOLUTE
    ../clib/stdio.c                          0x00000000   Number         0  streamlock.o ABSOLUTE
    ../clib/stdio.c                          0x00000000   Number         0  stdio.o ABSOLUTE
    ../clib/stdio.c                          0x00000000   Number         0  fopen_locked.o ABSOLUTE
    ../clib/stdio.c                          0x00000000   Number         0  ftell.o ABSOLUTE
    ../clib/stdio.c                          0x00000000   Number         0  setvbuf_locked.o ABSOLUTE
    ../clib/stdio.c                          0x00000000   Number         0  ferror.o ABSOLUTE
    ../clib/stdio.c                          0x00000000   Number         0  initio.o ABSOLUTE
    ../clib/stdio.c                          0x00000000   Number         0  ferror_locked.o ABSOLUTE
    ../clib/stdio.c                          0x00000000   Number         0  initio_locked.o ABSOLUTE
    ../clib/stdio.c                          0x00000000   Number         0  stdio_streams.o ABSOLUTE
    ../clib/stdlib.c                         0x00000000   Number         0  exit.o ABSOLUTE
    ../clib/string.c                         0x00000000   Number         0  strcpy.o ABSOLUTE
    ../clib/string.c                         0x00000000   Number         0  strstr.o ABSOLUTE
    ../clib/string.c                         0x00000000   Number         0  strlen.o ABSOLUTE
    ../fplib/fpinit.s                        0x00000000   Number         0  fpinit.o ABSOLUTE
    ..\..\inc\PLL.c                          0x00000000   Number         0  pll.o ABSOLUTE
    UARTTestMain.c                           0x00000000   Number         0  uarttestmain.o ABSOLUTE
    UARTV.c                                  0x00000000   Number         0  uartv.o ABSOLUTE
    dc.s                                     0x00000000   Number         0  dc.o ABSOLUTE
    esp8266V.c                               0x00000000   Number         0  esp8266v.o ABSOLUTE
    startup.s                                0x00000000   Number         0  startup.o ABSOLUTE
    !!!main                                  0x00000284   Section        8  __main.o(!!!main)
    !!!scatter                               0x0000028c   Section       52  __scatter.o(!!!scatter)
    !!handler_copy                           0x000002c0   Section       26  __scatter_copy.o(!!handler_copy)
    !!handler_zi                             0x000002dc   Section       28  __scatter_zi.o(!!handler_zi)
    .ARM.Collect$$_printf_percent$$00000000  0x000002f8   Section        0  _printf_percent.o(.ARM.Collect$$_printf_percent$$00000000)
    .ARM.Collect$$_printf_percent$$00000009  0x000002f8   Section        6  _printf_d.o(.ARM.Collect$$_printf_percent$$00000009)
    .ARM.Collect$$_printf_percent$$00000014  0x000002fe   Section        6  _printf_s.o(.ARM.Collect$$_printf_percent$$00000014)
    .ARM.Collect$$_printf_percent$$00000017  0x00000304   Section        4  _printf_percent_end.o(.ARM.Collect$$_printf_percent$$00000017)
    .ARM.Collect$$libinit$$00000000          0x00000308   Section        2  libinit.o(.ARM.Collect$$libinit$$00000000)
    .ARM.Collect$$libinit$$00000002          0x0000030a   Section        0  libinit2.o(.ARM.Collect$$libinit$$00000002)
    .ARM.Collect$$libinit$$00000004          0x0000030a   Section        0  libinit2.o(.ARM.Collect$$libinit$$00000004)
    .ARM.Collect$$libinit$$0000000A          0x0000030a   Section        0  libinit2.o(.ARM.Collect$$libinit$$0000000A)
    .ARM.Collect$$libinit$$0000000C          0x0000030a   Section        0  libinit2.o(.ARM.Collect$$libinit$$0000000C)
    .ARM.Collect$$libinit$$0000000E          0x0000030a   Section        0  libinit2.o(.ARM.Collect$$libinit$$0000000E)
    .ARM.Collect$$libinit$$00000011          0x0000030a   Section        0  libinit2.o(.ARM.Collect$$libinit$$00000011)
    .ARM.Collect$$libinit$$00000013          0x0000030a   Section        0  libinit2.o(.ARM.Collect$$libinit$$00000013)
    .ARM.Collect$$libinit$$00000015          0x0000030a   Section        0  libinit2.o(.ARM.Collect$$libinit$$00000015)
    .ARM.Collect$$libinit$$00000017          0x0000030a   Section        0  libinit2.o(.ARM.Collect$$libinit$$00000017)
    .ARM.Collect$$libinit$$00000019          0x0000030a   Section        0  libinit2.o(.ARM.Collect$$libinit$$00000019)
    .ARM.Collect$$libinit$$0000001B          0x0000030a   Section        0  libinit2.o(.ARM.Collect$$libinit$$0000001B)
    .ARM.Collect$$libinit$$0000001D          0x0000030a   Section        0  libinit2.o(.ARM.Collect$$libinit$$0000001D)
    .ARM.Collect$$libinit$$0000001F          0x0000030a   Section        0  libinit2.o(.ARM.Collect$$libinit$$0000001F)
    .ARM.Collect$$libinit$$00000021          0x0000030a   Section        0  libinit2.o(.ARM.Collect$$libinit$$00000021)
    .ARM.Collect$$libinit$$00000023          0x0000030a   Section        0  libinit2.o(.ARM.Collect$$libinit$$00000023)
    .ARM.Collect$$libinit$$00000025          0x0000030a   Section        0  libinit2.o(.ARM.Collect$$libinit$$00000025)
    .ARM.Collect$$libinit$$0000002C          0x0000030a   Section        0  libinit2.o(.ARM.Collect$$libinit$$0000002C)
    .ARM.Collect$$libinit$$0000002E          0x0000030a   Section        0  libinit2.o(.ARM.Collect$$libinit$$0000002E)
    .ARM.Collect$$libinit$$00000030          0x0000030a   Section        0  libinit2.o(.ARM.Collect$$libinit$$00000030)
    .ARM.Collect$$libinit$$00000032          0x0000030a   Section        0  libinit2.o(.ARM.Collect$$libinit$$00000032)
    .ARM.Collect$$libinit$$00000033          0x0000030a   Section        2  libinit2.o(.ARM.Collect$$libinit$$00000033)
    .ARM.Collect$$libshutdown$$00000000      0x0000030c   Section        2  libshutdown.o(.ARM.Collect$$libshutdown$$00000000)
    .ARM.Collect$$libshutdown$$00000002      0x0000030e   Section        0  libshutdown2.o(.ARM.Collect$$libshutdown$$00000002)
    .ARM.Collect$$libshutdown$$00000004      0x0000030e   Section        0  libshutdown2.o(.ARM.Collect$$libshutdown$$00000004)
    .ARM.Collect$$libshutdown$$00000007      0x0000030e   Section        0  libshutdown2.o(.ARM.Collect$$libshutdown$$00000007)
    .ARM.Collect$$libshutdown$$0000000A      0x0000030e   Section        0  libshutdown2.o(.ARM.Collect$$libshutdown$$0000000A)
    .ARM.Collect$$libshutdown$$0000000C      0x0000030e   Section        0  libshutdown2.o(.ARM.Collect$$libshutdown$$0000000C)
    .ARM.Collect$$libshutdown$$0000000F      0x0000030e   Section        0  libshutdown2.o(.ARM.Collect$$libshutdown$$0000000F)
    .ARM.Collect$$libshutdown$$00000010      0x0000030e   Section        2  libshutdown2.o(.ARM.Collect$$libshutdown$$00000010)
    .ARM.Collect$$rtentry$$00000000          0x00000310   Section        0  __rtentry.o(.ARM.Collect$$rtentry$$00000000)
    .ARM.Collect$$rtentry$$00000002          0x00000310   Section        0  __rtentry2.o(.ARM.Collect$$rtentry$$00000002)
    .ARM.Collect$$rtentry$$00000004          0x00000310   Section        6  __rtentry4.o(.ARM.Collect$$rtentry$$00000004)
    .ARM.Collect$$rtentry$$00000009          0x00000316   Section        0  __rtentry2.o(.ARM.Collect$$rtentry$$00000009)
    .ARM.Collect$$rtentry$$0000000A          0x00000316   Section        4  __rtentry2.o(.ARM.Collect$$rtentry$$0000000A)
    .ARM.Collect$$rtentry$$0000000C          0x0000031a   Section        0  __rtentry2.o(.ARM.Collect$$rtentry$$0000000C)
    .ARM.Collect$$rtentry$$0000000D          0x0000031a   Section        8  __rtentry2.o(.ARM.Collect$$rtentry$$0000000D)
    .ARM.Collect$$rtexit$$00000000           0x00000322   Section        2  rtexit.o(.ARM.Collect$$rtexit$$00000000)
    .ARM.Collect$$rtexit$$00000002           0x00000324   Section        0  rtexit2.o(.ARM.Collect$$rtexit$$00000002)
    .ARM.Collect$$rtexit$$00000003           0x00000324   Section        4  rtexit2.o(.ARM.Collect$$rtexit$$00000003)
    .ARM.Collect$$rtexit$$00000004           0x00000328   Section        6  rtexit2.o(.ARM.Collect$$rtexit$$00000004)
    .text                                    0x00000330   Section       48  startup.o(.text)
    .text                                    0x00000360   Section        0  noretval__2sprintf.o(.text)
    .text                                    0x00000388   Section        0  __printf.o(.text)
    .text                                    0x000003f0   Section        0  _printf_str.o(.text)
    .text                                    0x00000444   Section        0  _printf_dec.o(.text)
    .text                                    0x000004bc   Section        0  strcpy.o(.text)
    .text                                    0x00000504   Section        0  strlen.o(.text)
    .text                                    0x00000542   Section        0  heapauxi.o(.text)
    .text                                    0x00000548   Section        0  _printf_intcommon.o(.text)
    .text                                    0x000005fc   Section        0  _printf_char_common.o(.text)
    _printf_input_char                       0x000005fd   Thumb Code    10  _printf_char_common.o(.text)
    .text                                    0x0000062c   Section        0  _sputc.o(.text)
    .text                                    0x00000636   Section        0  _printf_char.o(.text)
    .text                                    0x00000662   Section       74  sys_stackheap_outer.o(.text)
    .text                                    0x000006ac   Section        0  exit.o(.text)
    .text                                    0x000006c0   Section        8  libspace.o(.text)
    .text                                    0x000006c8   Section        2  use_no_semi.o(.text)
    .text                                    0x000006ca   Section        0  indicate_semi.o(.text)
    .text                                    0x000006cc   Section        0  sys_exit.o(.text)
    i.Arduino_InitUART                       0x000006d8   Section        0  esp8266v.o(i.Arduino_InitUART)
    i.DelayMs                                0x000007e4   Section        0  esp8266v.o(i.DelayMs)
    i.DelayMsSearching                       0x00000804   Section        0  esp8266v.o(i.DelayMsSearching)
    i.ESP8266FIFOtoBuffer                    0x00000834   Section        0  esp8266v.o(i.ESP8266FIFOtoBuffer)
    i.ESP8266SendCommand                     0x000008bc   Section        0  esp8266v.o(i.ESP8266SendCommand)
    i.ESP8266_BasicInit                      0x000008d8   Section        0  esp8266v.o(i.ESP8266_BasicInit)
    i.ESP8266_EnableRXInterrupt              0x00000948   Section        0  esp8266v.o(i.ESP8266_EnableRXInterrupt)
    i.ESP8266_GetStatus                      0x00000958   Section        0  esp8266v.o(i.ESP8266_GetStatus)
    i.ESP8266_InitUART                       0x000009a0   Section        0  esp8266v.o(i.ESP8266_InitUART)
    i.ESP8266_JoinAccessPoint                0x00000a8c   Section        0  esp8266v.o(i.ESP8266_JoinAccessPoint)
    i.ESP8266_MakeTCPConnection              0x00000b10   Section        0  esp8266v.o(i.ESP8266_MakeTCPConnection)
    i.ESP8266_PrintChar                      0x00000b78   Section        0  esp8266v.o(i.ESP8266_PrintChar)
    i.ESP8266_Reset                          0x00000b90   Section        0  esp8266v.o(i.ESP8266_Reset)
    i.ESP8266_SendTCP                        0x00000c04   Section        0  esp8266v.o(i.ESP8266_SendTCP)
    i.ESP8266_SetConnectionMux               0x00000c84   Section        0  esp8266v.o(i.ESP8266_SetConnectionMux)
    i.ESP8266_SetDataTransmissionMode        0x00000cdc   Section        0  esp8266v.o(i.ESP8266_SetDataTransmissionMode)
    i.ESP8266_SetWifiMode                    0x00000d34   Section        0  esp8266v.o(i.ESP8266_SetWifiMode)
    i.Output_Init                            0x00000d9c   Section        0  uartv.o(i.Output_Init)
    i.PLL_Init                               0x00000da4   Section        0  pll.o(i.PLL_Init)
    i.RxFifo_Init                            0x00000e20   Section        0  uartv.o(i.RxFifo_Init)
    i.RxFifo_Put                             0x00000e44   Section        0  uartv.o(i.RxFifo_Put)
    i.RxFifo_Size                            0x00000e80   Section        0  uartv.o(i.RxFifo_Size)
    i.SearchCheck                            0x00000e98   Section        0  esp8266v.o(i.SearchCheck)
    i.SearchStart                            0x00000eec   Section        0  esp8266v.o(i.SearchStart)
    i.ServerResponseSearchCheck              0x00000f1c   Section        0  esp8266v.o(i.ServerResponseSearchCheck)
    i.ServerResponseSearchStart              0x00000ff0   Section        0  esp8266v.o(i.ServerResponseSearchStart)
    i.TxFifo_Get                             0x00001030   Section        0  uartv.o(i.TxFifo_Get)
    i.TxFifo_Init                            0x0000106c   Section        0  uartv.o(i.TxFifo_Init)
    i.TxFifo_Put                             0x00001090   Section        0  uartv.o(i.TxFifo_Put)
    i.TxFifo_Size                            0x000010cc   Section        0  uartv.o(i.TxFifo_Size)
    i.UART0_Handler                          0x000010e4   Section        0  uartv.o(i.UART0_Handler)
    i.UART1_Handler                          0x0000113c   Section        0  uarttestmain.o(i.UART1_Handler)
    i.UART1_OutChar                          0x0000117c   Section        0  uartv.o(i.UART1_OutChar)
    i.UART5_Handler                          0x00001194   Section        0  esp8266v.o(i.UART5_Handler)
    i.UART_Init                              0x000011d4   Section        0  uartv.o(i.UART_Init)
    i.UART_OutChar                           0x0000129c   Section        0  uartv.o(i.UART_OutChar)
    i.UART_OutCharNonBlock                   0x000012d0   Section        0  uartv.o(i.UART_OutCharNonBlock)
    i.UART_OutString                         0x00001304   Section        0  uartv.o(i.UART_OutString)
    i.bufferRotate                           0x0000131c   Section        0  esp8266v.o(i.bufferRotate)
    i.copyHardwareToSoftware                 0x0000133c   Section        0  uartv.o(i.copyHardwareToSoftware)
    copyHardwareToSoftware                   0x0000133d   Thumb Code    40  uartv.o(i.copyHardwareToSoftware)
    i.copySoftwareToHardware                 0x00001368   Section        0  uartv.o(i.copySoftwareToHardware)
    copySoftwareToHardware                   0x00001369   Thumb Code    38  uartv.o(i.copySoftwareToHardware)
    i.lc                                     0x00001394   Section        0  esp8266v.o(i.lc)
    i.main                                   0x000013a2   Section        0  uarttestmain.o(i.main)
    i.printTempo                             0x000013c8   Section        0  esp8266v.o(i.printTempo)
    i.resetConnect                           0x00001458   Section        0  uarttestmain.o(i.resetConnect)
    .conststring                             0x00001668   Section       76  uarttestmain.o(.conststring)
    .data                                    0x20000000   Section       68  esp8266v.o(.data)
    .data                                    0x20000044   Section       16  uartv.o(.data)
    .bss                                     0x20000054   Section     3126  esp8266v.o(.bss)
    .bss                                     0x20000c8a   Section     2048  uartv.o(.bss)
    RxFifo                                   0x20000c8a   Data        1024  uartv.o(.bss)
    TxFifo                                   0x2000108a   Data        1024  uartv.o(.bss)
    .bss                                     0x2000148c   Section       96  libspace.o(.bss)
    HEAP                                     0x200014f0   Section        0  startup.o(HEAP)
    STACK                                    0x200014f0   Section     1024  startup.o(STACK)
    HeapMem                                  0x200014f0   Data           0  startup.o(HEAP)
    StackMem                                 0x200014f0   Data           0  startup.o(STACK)

    Global Symbols

    Symbol Name                              Value     Ov Type        Size  Object(Section)

    BuildAttributes$$THM_ISAv4$E$P$D$K$B$S$7EM$PE$A:L22UL41UL21$X:L11$S22US41US21$IEEE1$IW$USESV6$~STKCKD$USESV7$~SHL$OTIME$ROPI$EBA8$UX$STANDARDLIB$REQ8$PRES8$EABIv2 0x00000000   Number         0  anon$$obj.o ABSOLUTE
    __ARM_use_no_argv                        0x00000000   Number         0  uarttestmain.o ABSOLUTE
    __Vectors                                0x00000000   Data           0  startup.o(RESET)
    __ARM_exceptions_init                     - Undefined Weak Reference
    __alloca_initialize                       - Undefined Weak Reference
    __arm_preinit_                            - Undefined Weak Reference
    __cpp_initialize__aeabi_                  - Undefined Weak Reference
    __cxa_finalize                            - Undefined Weak Reference
    __rt_locale                               - Undefined Weak Reference
    __sigvec_lookup                           - Undefined Weak Reference
    __user_heap_extent                        - Undefined Weak Reference
    _atexit_init                              - Undefined Weak Reference
    _call_atexit_fns                          - Undefined Weak Reference
    _clock_init                               - Undefined Weak Reference
    _fp_trap_init                             - Undefined Weak Reference
    _fp_trap_shutdown                         - Undefined Weak Reference
    _get_lc_collate                           - Undefined Weak Reference
    _get_lc_ctype                             - Undefined Weak Reference
    _get_lc_monetary                          - Undefined Weak Reference
    _get_lc_numeric                           - Undefined Weak Reference
    _get_lc_time                              - Undefined Weak Reference
    _getenv_init                              - Undefined Weak Reference
    _handle_redirection                       - Undefined Weak Reference
    _mutex_acquire                            - Undefined Weak Reference
    _mutex_free                               - Undefined Weak Reference
    _mutex_release                            - Undefined Weak Reference
    _printf_mbtowc                            - Undefined Weak Reference
    _printf_post_padding                      - Undefined Weak Reference
    _printf_pre_padding                       - Undefined Weak Reference
    _printf_truncate_signed                   - Undefined Weak Reference
    _printf_truncate_unsigned                 - Undefined Weak Reference
    _rand_init                                - Undefined Weak Reference
    _signal_finish                            - Undefined Weak Reference
    _signal_init                              - Undefined Weak Reference
    Reset_Handler                            0x0000026d   Thumb Code     0  startup.o(RESET)
    NMI_Handler                              0x00000271   Thumb Code     2  startup.o(RESET)
    HardFault_Handler                        0x00000273   Thumb Code     2  startup.o(RESET)
    MemManage_Handler                        0x00000275   Thumb Code     2  startup.o(RESET)
    BusFault_Handler                         0x00000277   Thumb Code     2  startup.o(RESET)
    UsageFault_Handler                       0x00000279   Thumb Code     2  startup.o(RESET)
    SVC_Handler                              0x0000027b   Thumb Code     2  startup.o(RESET)
    DebugMon_Handler                         0x0000027d   Thumb Code     2  startup.o(RESET)
    PendSV_Handler                           0x0000027f   Thumb Code     2  startup.o(RESET)
    SysTick_Handler                          0x00000281   Thumb Code     2  startup.o(RESET)
    ADC0Seq0_Handler                         0x00000283   Thumb Code     0  startup.o(RESET)
    ADC0Seq1_Handler                         0x00000283   Thumb Code     0  startup.o(RESET)
    ADC0Seq2_Handler                         0x00000283   Thumb Code     0  startup.o(RESET)
    ADC0Seq3_Handler                         0x00000283   Thumb Code     0  startup.o(RESET)
    ADC1Seq0_Handler                         0x00000283   Thumb Code     0  startup.o(RESET)
    ADC1Seq1_Handler                         0x00000283   Thumb Code     0  startup.o(RESET)
    ADC1Seq2_Handler                         0x00000283   Thumb Code     0  startup.o(RESET)
    ADC1Seq3_Handler                         0x00000283   Thumb Code     0  startup.o(RESET)
    CAN0_Handler                             0x00000283   Thumb Code     0  startup.o(RESET)
    CAN1_Handler                             0x00000283   Thumb Code     0  startup.o(RESET)
    CAN2_Handler                             0x00000283   Thumb Code     0  startup.o(RESET)
    Comp0_Handler                            0x00000283   Thumb Code     0  startup.o(RESET)
    Comp1_Handler                            0x00000283   Thumb Code     0  startup.o(RESET)
    Comp2_Handler                            0x00000283   Thumb Code     0  startup.o(RESET)
    Ethernet_Handler                         0x00000283   Thumb Code     0  startup.o(RESET)
    ExtBus_Handler                           0x00000283   Thumb Code     0  startup.o(RESET)
    FPU_Handler                              0x00000283   Thumb Code     0  startup.o(RESET)
    Fan0_Handler                             0x00000283   Thumb Code     0  startup.o(RESET)
    FlashCtl_Handler                         0x00000283   Thumb Code     0  startup.o(RESET)
    GPIOPortA_Handler                        0x00000283   Thumb Code     0  startup.o(RESET)
    GPIOPortB_Handler                        0x00000283   Thumb Code     0  startup.o(RESET)
    GPIOPortC_Handler                        0x00000283   Thumb Code     0  startup.o(RESET)
    GPIOPortD_Handler                        0x00000283   Thumb Code     0  startup.o(RESET)
    GPIOPortE_Handler                        0x00000283   Thumb Code     0  startup.o(RESET)
    GPIOPortF_Handler                        0x00000283   Thumb Code     0  startup.o(RESET)
    GPIOPortG_Handler                        0x00000283   Thumb Code     0  startup.o(RESET)
    GPIOPortH_Handler                        0x00000283   Thumb Code     0  startup.o(RESET)
    GPIOPortJ_Handler                        0x00000283   Thumb Code     0  startup.o(RESET)
    GPIOPortK_Handler                        0x00000283   Thumb Code     0  startup.o(RESET)
    GPIOPortL_Handler                        0x00000283   Thumb Code     0  startup.o(RESET)
    GPIOPortM_Handler                        0x00000283   Thumb Code     0  startup.o(RESET)
    GPIOPortN_Handler                        0x00000283   Thumb Code     0  startup.o(RESET)
    GPIOPortP1_Handler                       0x00000283   Thumb Code     0  startup.o(RESET)
    GPIOPortP2_Handler                       0x00000283   Thumb Code     0  startup.o(RESET)
    GPIOPortP3_Handler                       0x00000283   Thumb Code     0  startup.o(RESET)
    GPIOPortP4_Handler                       0x00000283   Thumb Code     0  startup.o(RESET)
    GPIOPortP5_Handler                       0x00000283   Thumb Code     0  startup.o(RESET)
    GPIOPortP6_Handler                       0x00000283   Thumb Code     0  startup.o(RESET)
    GPIOPortP7_Handler                       0x00000283   Thumb Code     0  startup.o(RESET)
    GPIOPortP_Handler                        0x00000283   Thumb Code     0  startup.o(RESET)
    GPIOPortQ1_Handler                       0x00000283   Thumb Code     0  startup.o(RESET)
    GPIOPortQ2_Handler                       0x00000283   Thumb Code     0  startup.o(RESET)
    GPIOPortQ3_Handler                       0x00000283   Thumb Code     0  startup.o(RESET)
    GPIOPortQ4_Handler                       0x00000283   Thumb Code     0  startup.o(RESET)
    GPIOPortQ5_Handler                       0x00000283   Thumb Code     0  startup.o(RESET)
    GPIOPortQ6_Handler                       0x00000283   Thumb Code     0  startup.o(RESET)
    GPIOPortQ7_Handler                       0x00000283   Thumb Code     0  startup.o(RESET)
    GPIOPortQ_Handler                        0x00000283   Thumb Code     0  startup.o(RESET)
    GPIOPortR_Handler                        0x00000283   Thumb Code     0  startup.o(RESET)
    GPIOPortS_Handler                        0x00000283   Thumb Code     0  startup.o(RESET)
    Hibernate_Handler                        0x00000283   Thumb Code     0  startup.o(RESET)
    I2C0_Handler                             0x00000283   Thumb Code     0  startup.o(RESET)
    I2C1_Handler                             0x00000283   Thumb Code     0  startup.o(RESET)
    I2C2_Handler                             0x00000283   Thumb Code     0  startup.o(RESET)
    I2C3_Handler                             0x00000283   Thumb Code     0  startup.o(RESET)
    I2C4_Handler                             0x00000283   Thumb Code     0  startup.o(RESET)
    I2C5_Handler                             0x00000283   Thumb Code     0  startup.o(RESET)
    I2S0_Handler                             0x00000283   Thumb Code     0  startup.o(RESET)
    LPC0_Handler                             0x00000283   Thumb Code     0  startup.o(RESET)
    PECI0_Handler                            0x00000283   Thumb Code     0  startup.o(RESET)
    PWM0Fault_Handler                        0x00000283   Thumb Code     0  startup.o(RESET)
    PWM0Generator0_Handler                   0x00000283   Thumb Code     0  startup.o(RESET)
    PWM0Generator1_Handler                   0x00000283   Thumb Code     0  startup.o(RESET)
    PWM0Generator2_Handler                   0x00000283   Thumb Code     0  startup.o(RESET)
    PWM0Generator3_Handler                   0x00000283   Thumb Code     0  startup.o(RESET)
    PWM1Fault_Handler                        0x00000283   Thumb Code     0  startup.o(RESET)
    PWM1Generator0_Handler                   0x00000283   Thumb Code     0  startup.o(RESET)
    PWM1Generator1_Handler                   0x00000283   Thumb Code     0  startup.o(RESET)
    PWM1Generator2_Handler                   0x00000283   Thumb Code     0  startup.o(RESET)
    PWM1Generator3_Handler                   0x00000283   Thumb Code     0  startup.o(RESET)
    Quadrature0_Handler                      0x00000283   Thumb Code     0  startup.o(RESET)
    Quadrature1_Handler                      0x00000283   Thumb Code     0  startup.o(RESET)
    Quadrature2_Handler                      0x00000283   Thumb Code     0  startup.o(RESET)
    SSI0_Handler                             0x00000283   Thumb Code     0  startup.o(RESET)
    SSI1_Handler                             0x00000283   Thumb Code     0  startup.o(RESET)
    SSI2_Handler                             0x00000283   Thumb Code     0  startup.o(RESET)
    SSI3_Handler                             0x00000283   Thumb Code     0  startup.o(RESET)
    SysCtl_Handler                           0x00000283   Thumb Code     0  startup.o(RESET)
    Timer0A_Handler                          0x00000283   Thumb Code     0  startup.o(RESET)
    Timer0B_Handler                          0x00000283   Thumb Code     0  startup.o(RESET)
    Timer1A_Handler                          0x00000283   Thumb Code     0  startup.o(RESET)
    Timer1B_Handler                          0x00000283   Thumb Code     0  startup.o(RESET)
    Timer2A_Handler                          0x00000283   Thumb Code     0  startup.o(RESET)
    Timer2B_Handler                          0x00000283   Thumb Code     0  startup.o(RESET)
    Timer3A_Handler                          0x00000283   Thumb Code     0  startup.o(RESET)
    Timer3B_Handler                          0x00000283   Thumb Code     0  startup.o(RESET)
    Timer4A_Handler                          0x00000283   Thumb Code     0  startup.o(RESET)
    Timer4B_Handler                          0x00000283   Thumb Code     0  startup.o(RESET)
    Timer5A_Handler                          0x00000283   Thumb Code     0  startup.o(RESET)
    Timer5B_Handler                          0x00000283   Thumb Code     0  startup.o(RESET)
    UART2_Handler                            0x00000283   Thumb Code     0  startup.o(RESET)
    UART3_Handler                            0x00000283   Thumb Code     0  startup.o(RESET)
    UART4_Handler                            0x00000283   Thumb Code     0  startup.o(RESET)
    UART6_Handler                            0x00000283   Thumb Code     0  startup.o(RESET)
    UART7_Handler                            0x00000283   Thumb Code     0  startup.o(RESET)
    USB0_Handler                             0x00000283   Thumb Code     0  startup.o(RESET)
    WDT_Handler                              0x00000283   Thumb Code     0  startup.o(RESET)
    WideTimer0A_Handler                      0x00000283   Thumb Code     0  startup.o(RESET)
    WideTimer0B_Handler                      0x00000283   Thumb Code     0  startup.o(RESET)
    WideTimer1A_Handler                      0x00000283   Thumb Code     0  startup.o(RESET)
    WideTimer1B_Handler                      0x00000283   Thumb Code     0  startup.o(RESET)
    WideTimer2A_Handler                      0x00000283   Thumb Code     0  startup.o(RESET)
    WideTimer2B_Handler                      0x00000283   Thumb Code     0  startup.o(RESET)
    WideTimer3A_Handler                      0x00000283   Thumb Code     0  startup.o(RESET)
    WideTimer3B_Handler                      0x00000283   Thumb Code     0  startup.o(RESET)
    WideTimer4A_Handler                      0x00000283   Thumb Code     0  startup.o(RESET)
    WideTimer4B_Handler                      0x00000283   Thumb Code     0  startup.o(RESET)
    WideTimer5A_Handler                      0x00000283   Thumb Code     0  startup.o(RESET)
    WideTimer5B_Handler                      0x00000283   Thumb Code     0  startup.o(RESET)
    uDMA_Error                               0x00000283   Thumb Code     0  startup.o(RESET)
    uDMA_Handler                             0x00000283   Thumb Code     0  startup.o(RESET)
    __main                                   0x00000285   Thumb Code     8  __main.o(!!!main)
    __scatterload                            0x0000028d   Thumb Code     0  __scatter.o(!!!scatter)
    __scatterload_rt2                        0x0000028d   Thumb Code    44  __scatter.o(!!!scatter)
    __scatterload_rt2_thumb_only             0x0000028d   Thumb Code     0  __scatter.o(!!!scatter)
    __scatterload_null                       0x0000029b   Thumb Code     0  __scatter.o(!!!scatter)
    __scatterload_copy                       0x000002c1   Thumb Code    26  __scatter_copy.o(!!handler_copy)
    __scatterload_zeroinit                   0x000002dd   Thumb Code    28  __scatter_zi.o(!!handler_zi)
    _printf_d                                0x000002f9   Thumb Code     0  _printf_d.o(.ARM.Collect$$_printf_percent$$00000009)
    _printf_percent                          0x000002f9   Thumb Code     0  _printf_percent.o(.ARM.Collect$$_printf_percent$$00000000)
    _printf_s                                0x000002ff   Thumb Code     0  _printf_s.o(.ARM.Collect$$_printf_percent$$00000014)
    _printf_percent_end                      0x00000305   Thumb Code     0  _printf_percent_end.o(.ARM.Collect$$_printf_percent$$00000017)
    __rt_lib_init                            0x00000309   Thumb Code     0  libinit.o(.ARM.Collect$$libinit$$00000000)
    __rt_lib_init_alloca_1                   0x0000030b   Thumb Code     0  libinit2.o(.ARM.Collect$$libinit$$0000002E)
    __rt_lib_init_argv_1                     0x0000030b   Thumb Code     0  libinit2.o(.ARM.Collect$$libinit$$0000002C)
    __rt_lib_init_atexit_1                   0x0000030b   Thumb Code     0  libinit2.o(.ARM.Collect$$libinit$$0000001B)
    __rt_lib_init_clock_1                    0x0000030b   Thumb Code     0  libinit2.o(.ARM.Collect$$libinit$$00000021)
    __rt_lib_init_cpp_1                      0x0000030b   Thumb Code     0  libinit2.o(.ARM.Collect$$libinit$$00000032)
    __rt_lib_init_exceptions_1               0x0000030b   Thumb Code     0  libinit2.o(.ARM.Collect$$libinit$$00000030)
    __rt_lib_init_fp_1                       0x0000030b   Thumb Code     0  libinit2.o(.ARM.Collect$$libinit$$00000002)
    __rt_lib_init_fp_trap_1                  0x0000030b   Thumb Code     0  libinit2.o(.ARM.Collect$$libinit$$0000001F)
    __rt_lib_init_getenv_1                   0x0000030b   Thumb Code     0  libinit2.o(.ARM.Collect$$libinit$$00000023)
    __rt_lib_init_heap_1                     0x0000030b   Thumb Code     0  libinit2.o(.ARM.Collect$$libinit$$0000000A)
    __rt_lib_init_lc_collate_1               0x0000030b   Thumb Code     0  libinit2.o(.ARM.Collect$$libinit$$00000011)
    __rt_lib_init_lc_ctype_1                 0x0000030b   Thumb Code     0  libinit2.o(.ARM.Collect$$libinit$$00000013)
    __rt_lib_init_lc_monetary_1              0x0000030b   Thumb Code     0  libinit2.o(.ARM.Collect$$libinit$$00000015)
    __rt_lib_init_lc_numeric_1               0x0000030b   Thumb Code     0  libinit2.o(.ARM.Collect$$libinit$$00000017)
    __rt_lib_init_lc_time_1                  0x0000030b   Thumb Code     0  libinit2.o(.ARM.Collect$$libinit$$00000019)
    __rt_lib_init_preinit_1                  0x0000030b   Thumb Code     0  libinit2.o(.ARM.Collect$$libinit$$00000004)
    __rt_lib_init_rand_1                     0x0000030b   Thumb Code     0  libinit2.o(.ARM.Collect$$libinit$$0000000E)
    __rt_lib_init_return                     0x0000030b   Thumb Code     0  libinit2.o(.ARM.Collect$$libinit$$00000033)
    __rt_lib_init_signal_1                   0x0000030b   Thumb Code     0  libinit2.o(.ARM.Collect$$libinit$$0000001D)
    __rt_lib_init_stdio_1                    0x0000030b   Thumb Code     0  libinit2.o(.ARM.Collect$$libinit$$00000025)
    __rt_lib_init_user_alloc_1               0x0000030b   Thumb Code     0  libinit2.o(.ARM.Collect$$libinit$$0000000C)
    __rt_lib_shutdown                        0x0000030d   Thumb Code     0  libshutdown.o(.ARM.Collect$$libshutdown$$00000000)
    __rt_lib_shutdown_cpp_1                  0x0000030f   Thumb Code     0  libshutdown2.o(.ARM.Collect$$libshutdown$$00000002)
    __rt_lib_shutdown_fp_trap_1              0x0000030f   Thumb Code     0  libshutdown2.o(.ARM.Collect$$libshutdown$$00000007)
    __rt_lib_shutdown_heap_1                 0x0000030f   Thumb Code     0  libshutdown2.o(.ARM.Collect$$libshutdown$$0000000F)
    __rt_lib_shutdown_return                 0x0000030f   Thumb Code     0  libshutdown2.o(.ARM.Collect$$libshutdown$$00000010)
    __rt_lib_shutdown_signal_1               0x0000030f   Thumb Code     0  libshutdown2.o(.ARM.Collect$$libshutdown$$0000000A)
    __rt_lib_shutdown_stdio_1                0x0000030f   Thumb Code     0  libshutdown2.o(.ARM.Collect$$libshutdown$$00000004)
    __rt_lib_shutdown_user_alloc_1           0x0000030f   Thumb Code     0  libshutdown2.o(.ARM.Collect$$libshutdown$$0000000C)
    __rt_entry                               0x00000311   Thumb Code     0  __rtentry.o(.ARM.Collect$$rtentry$$00000000)
    __rt_entry_presh_1                       0x00000311   Thumb Code     0  __rtentry2.o(.ARM.Collect$$rtentry$$00000002)
    __rt_entry_sh                            0x00000311   Thumb Code     0  __rtentry4.o(.ARM.Collect$$rtentry$$00000004)
    __rt_entry_li                            0x00000317   Thumb Code     0  __rtentry2.o(.ARM.Collect$$rtentry$$0000000A)
    __rt_entry_postsh_1                      0x00000317   Thumb Code     0  __rtentry2.o(.ARM.Collect$$rtentry$$00000009)
    __rt_entry_main                          0x0000031b   Thumb Code     0  __rtentry2.o(.ARM.Collect$$rtentry$$0000000D)
    __rt_entry_postli_1                      0x0000031b   Thumb Code     0  __rtentry2.o(.ARM.Collect$$rtentry$$0000000C)
    __rt_exit                                0x00000323   Thumb Code     0  rtexit.o(.ARM.Collect$$rtexit$$00000000)
    __rt_exit_ls                             0x00000325   Thumb Code     0  rtexit2.o(.ARM.Collect$$rtexit$$00000003)
    __rt_exit_prels_1                        0x00000325   Thumb Code     0  rtexit2.o(.ARM.Collect$$rtexit$$00000002)
    __rt_exit_exit                           0x00000329   Thumb Code     0  rtexit2.o(.ARM.Collect$$rtexit$$00000004)
    DisableInterrupts                        0x00000331   Thumb Code     0  startup.o(.text)
    EnableInterrupts                         0x00000335   Thumb Code     0  startup.o(.text)
    StartCritical                            0x00000339   Thumb Code     0  startup.o(.text)
    EndCritical                              0x00000341   Thumb Code     0  startup.o(.text)
    WaitForInterrupt                         0x00000347   Thumb Code     0  startup.o(.text)
    __user_initial_stackheap                 0x0000034b   Thumb Code     0  startup.o(.text)
    __2sprintf                               0x00000361   Thumb Code    34  noretval__2sprintf.o(.text)
    __printf                                 0x00000389   Thumb Code   104  __printf.o(.text)
    _printf_str                              0x000003f1   Thumb Code    82  _printf_str.o(.text)
    _printf_int_dec                          0x00000445   Thumb Code   104  _printf_dec.o(.text)
    strcpy                                   0x000004bd   Thumb Code    72  strcpy.o(.text)
    strlen                                   0x00000505   Thumb Code    62  strlen.o(.text)
    __use_two_region_memory                  0x00000543   Thumb Code     2  heapauxi.o(.text)
    __rt_heap_escrow                         0x00000545   Thumb Code     2  heapauxi.o(.text)
    __rt_heap_expand                         0x00000547   Thumb Code     2  heapauxi.o(.text)
    _printf_int_common                       0x00000549   Thumb Code   178  _printf_intcommon.o(.text)
    _printf_char_common                      0x00000607   Thumb Code    32  _printf_char_common.o(.text)
    _sputc                                   0x0000062d   Thumb Code    10  _sputc.o(.text)
    _printf_cs_common                        0x00000637   Thumb Code    20  _printf_char.o(.text)
    _printf_char                             0x0000064b   Thumb Code    16  _printf_char.o(.text)
    _printf_string                           0x0000065b   Thumb Code     8  _printf_char.o(.text)
    __user_setup_stackheap                   0x00000663   Thumb Code    74  sys_stackheap_outer.o(.text)
    exit                                     0x000006ad   Thumb Code    18  exit.o(.text)
    __user_libspace                          0x000006c1   Thumb Code     8  libspace.o(.text)
    __user_perproc_libspace                  0x000006c1   Thumb Code     0  libspace.o(.text)
    __user_perthread_libspace                0x000006c1   Thumb Code     0  libspace.o(.text)
    __I$use$semihosting                      0x000006c9   Thumb Code     0  use_no_semi.o(.text)
    __use_no_semihosting_swi                 0x000006c9   Thumb Code     2  use_no_semi.o(.text)
    __semihosting_library_function           0x000006cb   Thumb Code     0  indicate_semi.o(.text)
    _sys_exit                                0x000006cd   Thumb Code     8  sys_exit.o(.text)
    Arduino_InitUART                         0x000006d9   Thumb Code   232  esp8266v.o(i.Arduino_InitUART)
    DelayMs                                  0x000007e5   Thumb Code    32  esp8266v.o(i.DelayMs)
    DelayMsSearching                         0x00000805   Thumb Code    42  esp8266v.o(i.DelayMsSearching)
    ESP8266FIFOtoBuffer                      0x00000835   Thumb Code   112  esp8266v.o(i.ESP8266FIFOtoBuffer)
    ESP8266SendCommand                       0x000008bd   Thumb Code    26  esp8266v.o(i.ESP8266SendCommand)
    ESP8266_BasicInit                        0x000008d9   Thumb Code    58  esp8266v.o(i.ESP8266_BasicInit)
    ESP8266_EnableRXInterrupt                0x00000949   Thumb Code    10  esp8266v.o(i.ESP8266_EnableRXInterrupt)
    ESP8266_GetStatus                        0x00000959   Thumb Code    46  esp8266v.o(i.ESP8266_GetStatus)
    ESP8266_InitUART                         0x000009a1   Thumb Code   206  esp8266v.o(i.ESP8266_InitUART)
    ESP8266_JoinAccessPoint                  0x00000a8d   Thumb Code    68  esp8266v.o(i.ESP8266_JoinAccessPoint)
    ESP8266_MakeTCPConnection                0x00000b11   Thumb Code    58  esp8266v.o(i.ESP8266_MakeTCPConnection)
    ESP8266_PrintChar                        0x00000b79   Thumb Code    20  esp8266v.o(i.ESP8266_PrintChar)
    ESP8266_Reset                            0x00000b91   Thumb Code    82  esp8266v.o(i.ESP8266_Reset)
    ESP8266_SendTCP                          0x00000c05   Thumb Code   104  esp8266v.o(i.ESP8266_SendTCP)
    ESP8266_SetConnectionMux                 0x00000c85   Thumb Code    58  esp8266v.o(i.ESP8266_SetConnectionMux)
    ESP8266_SetDataTransmissionMode          0x00000cdd   Thumb Code    58  esp8266v.o(i.ESP8266_SetDataTransmissionMode)
    ESP8266_SetWifiMode                      0x00000d35   Thumb Code    66  esp8266v.o(i.ESP8266_SetWifiMode)
    Output_Init                              0x00000d9d   Thumb Code     8  uartv.o(i.Output_Init)
    PLL_Init                                 0x00000da5   Thumb Code   120  pll.o(i.PLL_Init)
    RxFifo_Init                              0x00000e21   Thumb Code    26  uartv.o(i.RxFifo_Init)
    RxFifo_Put                               0x00000e45   Thumb Code    48  uartv.o(i.RxFifo_Put)
    RxFifo_Size                              0x00000e81   Thumb Code    14  uartv.o(i.RxFifo_Size)
    SearchCheck                              0x00000e99   Thumb Code    68  esp8266v.o(i.SearchCheck)
    SearchStart                              0x00000eed   Thumb Code    30  esp8266v.o(i.SearchStart)
    ServerResponseSearchCheck                0x00000f1d   Thumb Code   180  esp8266v.o(i.ServerResponseSearchCheck)
    ServerResponseSearchStart                0x00000ff1   Thumb Code    34  esp8266v.o(i.ServerResponseSearchStart)
    TxFifo_Get                               0x00001031   Thumb Code    46  uartv.o(i.TxFifo_Get)
    TxFifo_Init                              0x0000106d   Thumb Code    26  uartv.o(i.TxFifo_Init)
    TxFifo_Put                               0x00001091   Thumb Code    48  uartv.o(i.TxFifo_Put)
    TxFifo_Size                              0x000010cd   Thumb Code    14  uartv.o(i.TxFifo_Size)
    UART0_Handler                            0x000010e5   Thumb Code    82  uartv.o(i.UART0_Handler)
    UART1_Handler                            0x0000113d   Thumb Code    60  uarttestmain.o(i.UART1_Handler)
    UART1_OutChar                            0x0000117d   Thumb Code    20  uartv.o(i.UART1_OutChar)
    UART5_Handler                            0x00001195   Thumb Code    60  esp8266v.o(i.UART5_Handler)
    UART_Init                                0x000011d5   Thumb Code   174  uartv.o(i.UART_Init)
    UART_OutChar                             0x0000129d   Thumb Code    46  uartv.o(i.UART_OutChar)
    UART_OutCharNonBlock                     0x000012d1   Thumb Code    46  uartv.o(i.UART_OutCharNonBlock)
    UART_OutString                           0x00001305   Thumb Code    24  uartv.o(i.UART_OutString)
    bufferRotate                             0x0000131d   Thumb Code    26  esp8266v.o(i.bufferRotate)
    lc                                       0x00001395   Thumb Code    14  esp8266v.o(i.lc)
    main                                     0x000013a3   Thumb Code    36  uarttestmain.o(i.main)
    printTempo                               0x000013c9   Thumb Code   130  esp8266v.o(i.printTempo)
    resetConnect                             0x00001459   Thumb Code   180  uarttestmain.o(i.resetConnect)
    Region$$Table$$Base                      0x000016b4   Number         0  anon$$obj.o(Region$$Table)
    Region$$Table$$Limit                     0x000016d4   Number         0  anon$$obj.o(Region$$Table)
    RXBufferIndex                            0x20000000   Data           4  esp8266v.o(.data)
    LastReturnIndex                          0x20000004   Data           4  esp8266v.o(.data)
    CurrentReturnIndex                       0x20000008   Data           4  esp8266v.o(.data)
    ServerResponseIndex                      0x2000000c   Data           4  esp8266v.o(.data)
    ESP8266_ProcessBuffer                    0x20000010   Data           1  esp8266v.o(.data)
    ESP8266_EchoResponse                     0x20000011   Data           1  esp8266v.o(.data)
    ESP8266_ResponseComplete                 0x20000012   Data           1  esp8266v.o(.data)
    ESP8266_APEnabled                        0x20000013   Data           1  esp8266v.o(.data)
    ESP8266_ClientEnabled                    0x20000014   Data           1  esp8266v.o(.data)
    ESP8266_ServerEnabled                    0x20000015   Data           1  esp8266v.o(.data)
    ESP8266_InputProcessingEnabled           0x20000016   Data           1  esp8266v.o(.data)
    ESP8266_PageRequested                    0x20000017   Data           1  esp8266v.o(.data)
    tempoSet                                 0x20000018   Data           1  esp8266v.o(.data)
    SearchLooking                            0x20000019   Data           1  esp8266v.o(.data)
    SearchFound                              0x2000001a   Data           1  esp8266v.o(.data)
    SearchTimeZone                           0x2000001b   Data           1  esp8266v.o(.data)
    TimeZoneSearchIndex                      0x2000001c   Data           1  esp8266v.o(.data)
    SearchIndex                              0x20000020   Data           4  esp8266v.o(.data)
    ServerResponseSearchString               0x20000024   Data          16  esp8266v.o(.data)
    ServerResponseSearchFinished             0x20000034   Data           4  esp8266v.o(.data)
    ServerResponseSearchIndex                0x20000038   Data           4  esp8266v.o(.data)
    ServerResponseSearchLooking              0x2000003c   Data           4  esp8266v.o(.data)
    ESP8266_ServerPort                       0x20000040   Data           2  esp8266v.o(.data)
    ESP8266_ServerTimeout                    0x20000042   Data           2  esp8266v.o(.data)
    RxPutI                                   0x20000044   Data           4  uartv.o(.data)
    RxGetI                                   0x20000048   Data           4  uartv.o(.data)
    TxPutI                                   0x2000004c   Data           4  uartv.o(.data)
    TxGetI                                   0x20000050   Data           4  uartv.o(.data)
    RXBuffer                                 0x20000054   Data        1024  esp8266v.o(.bss)
    TXBuffer                                 0x20000454   Data        1024  esp8266v.o(.bss)
    ServerResponseBuffer                     0x20000854   Data        1024  esp8266v.o(.bss)
    SearchString                             0x20000c54   Data          32  esp8266v.o(.bss)
    serial_buffer                            0x20000c74   Data          11  esp8266v.o(.bss)
    lastTempo                                0x20000c7f   Data          11  esp8266v.o(.bss)
    __libspace_start                         0x2000148c   Data          96  libspace.o(.bss)
    __temporary_stack_top$libspace           0x200014ec   Data           0  libspace.o(.bss)



==============================================================================

Memory Map of the image

  Image Entry point : 0x0000026d

  Load Region LR_1 (Base: 0x00000000, Size: 0x00001728, Max: 0xffffffff, ABSOLUTE)

    Execution Region ER_RO (Exec base: 0x00000000, Load base: 0x00000000, Size: 0x000016d4, Max: 0xffffffff, ABSOLUTE)

    Exec Addr    Load Addr    Size         Type   Attr      Idx    E Section Name        Object

    0x00000000   0x00000000   0x00000284   Code   RO            3  * RESET               startup.o
    0x00000284   0x00000284   0x00000008   Code   RO          582  * !!!main             c_w.l(__main.o)
    0x0000028c   0x0000028c   0x00000034   Code   RO          905    !!!scatter          c_w.l(__scatter.o)
    0x000002c0   0x000002c0   0x0000001a   Code   RO          907    !!handler_copy      c_w.l(__scatter_copy.o)
    0x000002da   0x000002da   0x00000002   PAD
    0x000002dc   0x000002dc   0x0000001c   Code   RO          909    !!handler_zi        c_w.l(__scatter_zi.o)
    0x000002f8   0x000002f8   0x00000000   Code   RO          571    .ARM.Collect$$_printf_percent$$00000000  c_w.l(_printf_percent.o)
    0x000002f8   0x000002f8   0x00000006   Code   RO          570    .ARM.Collect$$_printf_percent$$00000009  c_w.l(_printf_d.o)
    0x000002fe   0x000002fe   0x00000006   Code   RO          569    .ARM.Collect$$_printf_percent$$00000014  c_w.l(_printf_s.o)
    0x00000304   0x00000304   0x00000004   Code   RO          595    .ARM.Collect$$_printf_percent$$00000017  c_w.l(_printf_percent_end.o)
    0x00000308   0x00000308   0x00000002   Code   RO          716    .ARM.Collect$$libinit$$00000000  c_w.l(libinit.o)
    0x0000030a   0x0000030a   0x00000000   Code   RO          718    .ARM.Collect$$libinit$$00000002  c_w.l(libinit2.o)
    0x0000030a   0x0000030a   0x00000000   Code   RO          720    .ARM.Collect$$libinit$$00000004  c_w.l(libinit2.o)
    0x0000030a   0x0000030a   0x00000000   Code   RO          723    .ARM.Collect$$libinit$$0000000A  c_w.l(libinit2.o)
    0x0000030a   0x0000030a   0x00000000   Code   RO          725    .ARM.Collect$$libinit$$0000000C  c_w.l(libinit2.o)
    0x0000030a   0x0000030a   0x00000000   Code   RO          727    .ARM.Collect$$libinit$$0000000E  c_w.l(libinit2.o)
    0x0000030a   0x0000030a   0x00000000   Code   RO          730    .ARM.Collect$$libinit$$00000011  c_w.l(libinit2.o)
    0x0000030a   0x0000030a   0x00000000   Code   RO          732    .ARM.Collect$$libinit$$00000013  c_w.l(libinit2.o)
    0x0000030a   0x0000030a   0x00000000   Code   RO          734    .ARM.Collect$$libinit$$00000015  c_w.l(libinit2.o)
    0x0000030a   0x0000030a   0x00000000   Code   RO          736    .ARM.Collect$$libinit$$00000017  c_w.l(libinit2.o)
    0x0000030a   0x0000030a   0x00000000   Code   RO          738    .ARM.Collect$$libinit$$00000019  c_w.l(libinit2.o)
    0x0000030a   0x0000030a   0x00000000   Code   RO          740    .ARM.Collect$$libinit$$0000001B  c_w.l(libinit2.o)
    0x0000030a   0x0000030a   0x00000000   Code   RO          742    .ARM.Collect$$libinit$$0000001D  c_w.l(libinit2.o)
    0x0000030a   0x0000030a   0x00000000   Code   RO          744    .ARM.Collect$$libinit$$0000001F  c_w.l(libinit2.o)
    0x0000030a   0x0000030a   0x00000000   Code   RO          746    .ARM.Collect$$libinit$$00000021  c_w.l(libinit2.o)
    0x0000030a   0x0000030a   0x00000000   Code   RO          748    .ARM.Collect$$libinit$$00000023  c_w.l(libinit2.o)
    0x0000030a   0x0000030a   0x00000000   Code   RO          750    .ARM.Collect$$libinit$$00000025  c_w.l(libinit2.o)
    0x0000030a   0x0000030a   0x00000000   Code   RO          754    .ARM.Collect$$libinit$$0000002C  c_w.l(libinit2.o)
    0x0000030a   0x0000030a   0x00000000   Code   RO          756    .ARM.Collect$$libinit$$0000002E  c_w.l(libinit2.o)
    0x0000030a   0x0000030a   0x00000000   Code   RO          758    .ARM.Collect$$libinit$$00000030  c_w.l(libinit2.o)
    0x0000030a   0x0000030a   0x00000000   Code   RO          760    .ARM.Collect$$libinit$$00000032  c_w.l(libinit2.o)
    0x0000030a   0x0000030a   0x00000002   Code   RO          761    .ARM.Collect$$libinit$$00000033  c_w.l(libinit2.o)
    0x0000030c   0x0000030c   0x00000002   Code   RO          884    .ARM.Collect$$libshutdown$$00000000  c_w.l(libshutdown.o)
    0x0000030e   0x0000030e   0x00000000   Code   RO          763    .ARM.Collect$$libshutdown$$00000002  c_w.l(libshutdown2.o)
    0x0000030e   0x0000030e   0x00000000   Code   RO          765    .ARM.Collect$$libshutdown$$00000004  c_w.l(libshutdown2.o)
    0x0000030e   0x0000030e   0x00000000   Code   RO          768    .ARM.Collect$$libshutdown$$00000007  c_w.l(libshutdown2.o)
    0x0000030e   0x0000030e   0x00000000   Code   RO          771    .ARM.Collect$$libshutdown$$0000000A  c_w.l(libshutdown2.o)
    0x0000030e   0x0000030e   0x00000000   Code   RO          773    .ARM.Collect$$libshutdown$$0000000C  c_w.l(libshutdown2.o)
    0x0000030e   0x0000030e   0x00000000   Code   RO          776    .ARM.Collect$$libshutdown$$0000000F  c_w.l(libshutdown2.o)
    0x0000030e   0x0000030e   0x00000002   Code   RO          777    .ARM.Collect$$libshutdown$$00000010  c_w.l(libshutdown2.o)
    0x00000310   0x00000310   0x00000000   Code   RO          584    .ARM.Collect$$rtentry$$00000000  c_w.l(__rtentry.o)
    0x00000310   0x00000310   0x00000000   Code   RO          603    .ARM.Collect$$rtentry$$00000002  c_w.l(__rtentry2.o)
    0x00000310   0x00000310   0x00000006   Code   RO          615    .ARM.Collect$$rtentry$$00000004  c_w.l(__rtentry4.o)
    0x00000316   0x00000316   0x00000000   Code   RO          605    .ARM.Collect$$rtentry$$00000009  c_w.l(__rtentry2.o)
    0x00000316   0x00000316   0x00000004   Code   RO          606    .ARM.Collect$$rtentry$$0000000A  c_w.l(__rtentry2.o)
    0x0000031a   0x0000031a   0x00000000   Code   RO          608    .ARM.Collect$$rtentry$$0000000C  c_w.l(__rtentry2.o)
    0x0000031a   0x0000031a   0x00000008   Code   RO          609    .ARM.Collect$$rtentry$$0000000D  c_w.l(__rtentry2.o)
    0x00000322   0x00000322   0x00000002   Code   RO          784    .ARM.Collect$$rtexit$$00000000  c_w.l(rtexit.o)
    0x00000324   0x00000324   0x00000000   Code   RO          830    .ARM.Collect$$rtexit$$00000002  c_w.l(rtexit2.o)
    0x00000324   0x00000324   0x00000004   Code   RO          831    .ARM.Collect$$rtexit$$00000003  c_w.l(rtexit2.o)
    0x00000328   0x00000328   0x00000006   Code   RO          832    .ARM.Collect$$rtexit$$00000004  c_w.l(rtexit2.o)
    0x0000032e   0x0000032e   0x00000002   PAD
    0x00000330   0x00000330   0x00000030   Code   RO            4    .text               startup.o
    0x00000360   0x00000360   0x00000028   Code   RO          541    .text               c_w.l(noretval__2sprintf.o)
    0x00000388   0x00000388   0x00000068   Code   RO          543    .text               c_w.l(__printf.o)
    0x000003f0   0x000003f0   0x00000052   Code   RO          545    .text               c_w.l(_printf_str.o)
    0x00000442   0x00000442   0x00000002   PAD
    0x00000444   0x00000444   0x00000078   Code   RO          547    .text               c_w.l(_printf_dec.o)
    0x000004bc   0x000004bc   0x00000048   Code   RO          574    .text               c_w.l(strcpy.o)
    0x00000504   0x00000504   0x0000003e   Code   RO          576    .text               c_w.l(strlen.o)
    0x00000542   0x00000542   0x00000006   Code   RO          580    .text               c_w.l(heapauxi.o)
    0x00000548   0x00000548   0x000000b2   Code   RO          585    .text               c_w.l(_printf_intcommon.o)
    0x000005fa   0x000005fa   0x00000002   PAD
    0x000005fc   0x000005fc   0x00000030   Code   RO          587    .text               c_w.l(_printf_char_common.o)
    0x0000062c   0x0000062c   0x0000000a   Code   RO          589    .text               c_w.l(_sputc.o)
    0x00000636   0x00000636   0x0000002c   Code   RO          591    .text               c_w.l(_printf_char.o)
    0x00000662   0x00000662   0x0000004a   Code   RO          634    .text               c_w.l(sys_stackheap_outer.o)
    0x000006ac   0x000006ac   0x00000012   Code   RO          703    .text               c_w.l(exit.o)
    0x000006be   0x000006be   0x00000002   PAD
    0x000006c0   0x000006c0   0x00000008   Code   RO          778    .text               c_w.l(libspace.o)
    0x000006c8   0x000006c8   0x00000002   Code   RO          781    .text               c_w.l(use_no_semi.o)
    0x000006ca   0x000006ca   0x00000000   Code   RO          783    .text               c_w.l(indicate_semi.o)
    0x000006ca   0x000006ca   0x00000002   PAD
    0x000006cc   0x000006cc   0x0000000c   Code   RO          827    .text               c_w.l(sys_exit.o)
    0x000006d8   0x000006d8   0x0000010c   Code   RO           98    i.Arduino_InitUART  esp8266v.o
    0x000007e4   0x000007e4   0x00000020   Code   RO           99    i.DelayMs           esp8266v.o
    0x00000804   0x00000804   0x00000030   Code   RO          100    i.DelayMsSearching  esp8266v.o
    0x00000834   0x00000834   0x00000088   Code   RO          101    i.ESP8266FIFOtoBuffer  esp8266v.o
    0x000008bc   0x000008bc   0x0000001a   Code   RO          103    i.ESP8266SendCommand  esp8266v.o
    0x000008d6   0x000008d6   0x00000002   PAD
    0x000008d8   0x000008d8   0x00000070   Code   RO          104    i.ESP8266_BasicInit  esp8266v.o
    0x00000948   0x00000948   0x00000010   Code   RO          109    i.ESP8266_EnableRXInterrupt  esp8266v.o
    0x00000958   0x00000958   0x00000048   Code   RO          112    i.ESP8266_GetStatus  esp8266v.o
    0x000009a0   0x000009a0   0x000000ec   Code   RO          115    i.ESP8266_InitUART  esp8266v.o
    0x00000a8c   0x00000a8c   0x00000084   Code   RO          116    i.ESP8266_JoinAccessPoint  esp8266v.o
    0x00000b10   0x00000b10   0x00000068   Code   RO          118    i.ESP8266_MakeTCPConnection  esp8266v.o
    0x00000b78   0x00000b78   0x00000018   Code   RO          119    i.ESP8266_PrintChar  esp8266v.o
    0x00000b90   0x00000b90   0x00000074   Code   RO          121    i.ESP8266_Reset     esp8266v.o
    0x00000c04   0x00000c04   0x00000080   Code   RO          122    i.ESP8266_SendTCP   esp8266v.o
    0x00000c84   0x00000c84   0x00000058   Code   RO          123    i.ESP8266_SetConnectionMux  esp8266v.o
    0x00000cdc   0x00000cdc   0x00000058   Code   RO          124    i.ESP8266_SetDataTransmissionMode  esp8266v.o
    0x00000d34   0x00000d34   0x00000068   Code   RO          126    i.ESP8266_SetWifiMode  esp8266v.o
    0x00000d9c   0x00000d9c   0x00000008   Code   RO          351    i.Output_Init       uartv.o
    0x00000da4   0x00000da4   0x0000007c   Code   RO           80    i.PLL_Init          pll.o
    0x00000e20   0x00000e20   0x00000024   Code   RO          353    i.RxFifo_Init       uartv.o
    0x00000e44   0x00000e44   0x0000003c   Code   RO          354    i.RxFifo_Put        uartv.o
    0x00000e80   0x00000e80   0x00000018   Code   RO          355    i.RxFifo_Size       uartv.o
    0x00000e98   0x00000e98   0x00000054   Code   RO          128    i.SearchCheck       esp8266v.o
    0x00000eec   0x00000eec   0x00000030   Code   RO          129    i.SearchStart       esp8266v.o
    0x00000f1c   0x00000f1c   0x000000d4   Code   RO          130    i.ServerResponseSearchCheck  esp8266v.o
    0x00000ff0   0x00000ff0   0x00000040   Code   RO          131    i.ServerResponseSearchStart  esp8266v.o
    0x00001030   0x00001030   0x0000003c   Code   RO          356    i.TxFifo_Get        uartv.o
    0x0000106c   0x0000106c   0x00000024   Code   RO          357    i.TxFifo_Init       uartv.o
    0x00001090   0x00001090   0x0000003c   Code   RO          358    i.TxFifo_Put        uartv.o
    0x000010cc   0x000010cc   0x00000018   Code   RO          359    i.TxFifo_Size       uartv.o
    0x000010e4   0x000010e4   0x00000058   Code   RO          360    i.UART0_Handler     uartv.o
    0x0000113c   0x0000113c   0x00000040   Code   RO           14    i.UART1_Handler     uarttestmain.o
    0x0000117c   0x0000117c   0x00000018   Code   RO          363    i.UART1_OutChar     uartv.o
    0x00001194   0x00001194   0x00000040   Code   RO          132    i.UART5_Handler     esp8266v.o
    0x000011d4   0x000011d4   0x000000c8   Code   RO          370    i.UART_Init         uartv.o
    0x0000129c   0x0000129c   0x00000034   Code   RO          371    i.UART_OutChar      uartv.o
    0x000012d0   0x000012d0   0x00000034   Code   RO          372    i.UART_OutCharNonBlock  uartv.o
    0x00001304   0x00001304   0x00000018   Code   RO          373    i.UART_OutString    uartv.o
    0x0000131c   0x0000131c   0x00000020   Code   RO          133    i.bufferRotate      esp8266v.o
    0x0000133c   0x0000133c   0x0000002c   Code   RO          376    i.copyHardwareToSoftware  uartv.o
    0x00001368   0x00001368   0x0000002c   Code   RO          377    i.copySoftwareToHardware  uartv.o
    0x00001394   0x00001394   0x0000000e   Code   RO          134    i.lc                esp8266v.o
    0x000013a2   0x000013a2   0x00000024   Code   RO           15    i.main              uarttestmain.o
    0x000013c6   0x000013c6   0x00000002   PAD
    0x000013c8   0x000013c8   0x00000090   Code   RO          135    i.printTempo        esp8266v.o
    0x00001458   0x00001458   0x00000210   Code   RO           17    i.resetConnect      uarttestmain.o
    0x00001668   0x00001668   0x0000004c   Data   RO           18    .conststring        uarttestmain.o
    0x000016b4   0x000016b4   0x00000020   Data   RO          903    Region$$Table       anon$$obj.o


    Execution Region ER_RW (Exec base: 0x20000000, Load base: 0x000016d4, Size: 0x00000054, Max: 0xffffffff, ABSOLUTE)

    Exec Addr    Load Addr    Size         Type   Attr      Idx    E Section Name        Object

    0x20000000   0x000016d4   0x00000044   Data   RW          139    .data               esp8266v.o
    0x20000044   0x00001718   0x00000010   Data   RW          380    .data               uartv.o


    Execution Region ER_ZI (Exec base: 0x20000054, Load base: 0x00001728, Size: 0x0000189c, Max: 0xffffffff, ABSOLUTE)

    Exec Addr    Load Addr    Size         Type   Attr      Idx    E Section Name        Object

    0x20000054        -       0x00000c36   Zero   RW          136    .bss                esp8266v.o
    0x20000c8a        -       0x00000800   Zero   RW          379    .bss                uartv.o
    0x2000148a   0x00001728   0x00000002   PAD
    0x2000148c        -       0x00000060   Zero   RW          779    .bss                c_w.l(libspace.o)
    0x200014ec   0x00001728   0x00000004   PAD
    0x200014f0        -       0x00000000   Zero   RW            2    HEAP                startup.o
    0x200014f0        -       0x00000400   Zero   RW            1    STACK               startup.o


==============================================================================

Image component sizes


      Code (inc. data)   RO Data    RW Data    ZI Data      Debug   Object Name

      2392        572          0         68       3126      15462   esp8266v.o
       124          4          0          0          0        451   pll.o
       692        632          0          0       1024        940   startup.o
       628        352         76          0          0       5966   uarttestmain.o
       836        136          0         16       2048       8150   uartv.o

    ----------------------------------------------------------------------
      4676       1696        108         84       6200      30969   Object Totals
         0          0         32          0          0          0   (incl. Generated)
         4          0          0          0          2          0   (incl. Padding)

    ----------------------------------------------------------------------

      Code (inc. data)   RO Data    RW Data    ZI Data      Debug   Library Member Name

         8          0          0          0          0         68   __main.o
       104          0          0          0          0         84   __printf.o
         0          0          0          0          0          0   __rtentry.o
        12          0          0          0          0          0   __rtentry2.o
         6          0          0          0          0          0   __rtentry4.o
        52          8          0          0          0          0   __scatter.o
        26          0          0          0          0          0   __scatter_copy.o
        28          0          0          0          0          0   __scatter_zi.o
        44          0          0          0          0        108   _printf_char.o
        48          6          0          0          0         96   _printf_char_common.o
         6          0          0          0          0          0   _printf_d.o
       120         16          0          0          0         92   _printf_dec.o
       178          0          0          0          0         88   _printf_intcommon.o
         0          0          0          0          0          0   _printf_percent.o
         4          0          0          0          0          0   _printf_percent_end.o
         6          0          0          0          0          0   _printf_s.o
        82          0          0          0          0         80   _printf_str.o
        10          0          0          0          0         68   _sputc.o
        18          0          0          0          0         80   exit.o
         6          0          0          0          0        152   heapauxi.o
         0          0          0          0          0          0   indicate_semi.o
         2          0          0          0          0          0   libinit.o
         2          0          0          0          0          0   libinit2.o
         2          0          0          0          0          0   libshutdown.o
         2          0          0          0          0          0   libshutdown2.o
         8          4          0          0         96         68   libspace.o
        40          6          0          0          0         84   noretval__2sprintf.o
         2          0          0          0          0          0   rtexit.o
        10          0          0          0          0          0   rtexit2.o
        72          0          0          0          0         80   strcpy.o
        62          0          0          0          0         76   strlen.o
        12          4          0          0          0         68   sys_exit.o
        74          0          0          0          0         80   sys_stackheap_outer.o
         2          0          0          0          0         68   use_no_semi.o

    ----------------------------------------------------------------------
      1060         44          0          0        100       1440   Library Totals
        12          0          0          0          4          0   (incl. Padding)

    ----------------------------------------------------------------------

      Code (inc. data)   RO Data    RW Data    ZI Data      Debug   Library Name

      1048         44          0          0         96       1440   c_w.l

    ----------------------------------------------------------------------
      1060         44          0          0        100       1440   Library Totals

    ----------------------------------------------------------------------

==============================================================================


      Code (inc. data)   RO Data    RW Data    ZI Data      Debug   

      5736       1740        108         84       6300      29597   Grand Totals
      5736       1740        108         84       6300      29597   ELF Image Totals
      5736       1740        108         84          0          0   ROM Totals

==============================================================================

    Total RO  Size (Code + RO Data)                 5844 (   5.71kB)
    Total RW  Size (RW Data + ZI Data)              6384 (   6.23kB)
    Total ROM Size (Code + RO Data + RW Data)       5928 (   5.79kB)

==============================================================================

